Archive member included to satisfy reference by file (symbol)

/opt/st/stm32cubeide_1.4.0/plugins/com.st.stm32cube.ide.mcu.externaltools.gnu-tools-for-stm32.7-2018-q2-update.linux64_1.4.0.202007081208/tools/bin/../lib/gcc/arm-none-eabi/7.3.1/../../../../arm-none-eabi/lib/thumb/v7e-m/fpv5/hard/libc_nano.a(lib_a-errno.o)
                              Src/syscalls.o (__errno)
/opt/st/stm32cubeide_1.4.0/plugins/com.st.stm32cube.ide.mcu.externaltools.gnu-tools-for-stm32.7-2018-q2-update.linux64_1.4.0.202007081208/tools/bin/../lib/gcc/arm-none-eabi/7.3.1/../../../../arm-none-eabi/lib/thumb/v7e-m/fpv5/hard/libc_nano.a(lib_a-exit.o)
                              /opt/st/stm32cubeide_1.4.0/plugins/com.st.stm32cube.ide.mcu.externaltools.gnu-tools-for-stm32.7-2018-q2-update.linux64_1.4.0.202007081208/tools/bin/../lib/gcc/arm-none-eabi/7.3.1/../../../../arm-none-eabi/lib/thumb/v7e-m/fpv5/hard/crt0.o (exit)
/opt/st/stm32cubeide_1.4.0/plugins/com.st.stm32cube.ide.mcu.externaltools.gnu-tools-for-stm32.7-2018-q2-update.linux64_1.4.0.202007081208/tools/bin/../lib/gcc/arm-none-eabi/7.3.1/../../../../arm-none-eabi/lib/thumb/v7e-m/fpv5/hard/libc_nano.a(lib_a-impure.o)
                              /opt/st/stm32cubeide_1.4.0/plugins/com.st.stm32cube.ide.mcu.externaltools.gnu-tools-for-stm32.7-2018-q2-update.linux64_1.4.0.202007081208/tools/bin/../lib/gcc/arm-none-eabi/7.3.1/../../../../arm-none-eabi/lib/thumb/v7e-m/fpv5/hard/libc_nano.a(lib_a-exit.o) (_global_impure_ptr)
/opt/st/stm32cubeide_1.4.0/plugins/com.st.stm32cube.ide.mcu.externaltools.gnu-tools-for-stm32.7-2018-q2-update.linux64_1.4.0.202007081208/tools/bin/../lib/gcc/arm-none-eabi/7.3.1/../../../../arm-none-eabi/lib/thumb/v7e-m/fpv5/hard/libc_nano.a(lib_a-init.o)
                              /opt/st/stm32cubeide_1.4.0/plugins/com.st.stm32cube.ide.mcu.externaltools.gnu-tools-for-stm32.7-2018-q2-update.linux64_1.4.0.202007081208/tools/bin/../lib/gcc/arm-none-eabi/7.3.1/../../../../arm-none-eabi/lib/thumb/v7e-m/fpv5/hard/crt0.o (__libc_init_array)
/opt/st/stm32cubeide_1.4.0/plugins/com.st.stm32cube.ide.mcu.externaltools.gnu-tools-for-stm32.7-2018-q2-update.linux64_1.4.0.202007081208/tools/bin/../lib/gcc/arm-none-eabi/7.3.1/../../../../arm-none-eabi/lib/thumb/v7e-m/fpv5/hard/libc_nano.a(lib_a-memset.o)
                              /opt/st/stm32cubeide_1.4.0/plugins/com.st.stm32cube.ide.mcu.externaltools.gnu-tools-for-stm32.7-2018-q2-update.linux64_1.4.0.202007081208/tools/bin/../lib/gcc/arm-none-eabi/7.3.1/../../../../arm-none-eabi/lib/thumb/v7e-m/fpv5/hard/crt0.o (memset)
/opt/st/stm32cubeide_1.4.0/plugins/com.st.stm32cube.ide.mcu.externaltools.gnu-tools-for-stm32.7-2018-q2-update.linux64_1.4.0.202007081208/tools/bin/../lib/gcc/arm-none-eabi/7.3.1/../../../../arm-none-eabi/lib/thumb/v7e-m/fpv5/hard/libc_nano.a(lib_a-puts.o)
                              Src/main.o (puts)
/opt/st/stm32cubeide_1.4.0/plugins/com.st.stm32cube.ide.mcu.externaltools.gnu-tools-for-stm32.7-2018-q2-update.linux64_1.4.0.202007081208/tools/bin/../lib/gcc/arm-none-eabi/7.3.1/../../../../arm-none-eabi/lib/thumb/v7e-m/fpv5/hard/libc_nano.a(lib_a-sprintf.o)
                              Src/hardware/rtc.o (sprintf)
/opt/st/stm32cubeide_1.4.0/plugins/com.st.stm32cube.ide.mcu.externaltools.gnu-tools-for-stm32.7-2018-q2-update.linux64_1.4.0.202007081208/tools/bin/../lib/gcc/arm-none-eabi/7.3.1/../../../../arm-none-eabi/lib/thumb/v7e-m/fpv5/hard/libc_nano.a(lib_a-wbuf.o)
                              /opt/st/stm32cubeide_1.4.0/plugins/com.st.stm32cube.ide.mcu.externaltools.gnu-tools-for-stm32.7-2018-q2-update.linux64_1.4.0.202007081208/tools/bin/../lib/gcc/arm-none-eabi/7.3.1/../../../../arm-none-eabi/lib/thumb/v7e-m/fpv5/hard/libc_nano.a(lib_a-puts.o) (__swbuf_r)
/opt/st/stm32cubeide_1.4.0/plugins/com.st.stm32cube.ide.mcu.externaltools.gnu-tools-for-stm32.7-2018-q2-update.linux64_1.4.0.202007081208/tools/bin/../lib/gcc/arm-none-eabi/7.3.1/../../../../arm-none-eabi/lib/thumb/v7e-m/fpv5/hard/libc_nano.a(lib_a-wsetup.o)
                              /opt/st/stm32cubeide_1.4.0/plugins/com.st.stm32cube.ide.mcu.externaltools.gnu-tools-for-stm32.7-2018-q2-update.linux64_1.4.0.202007081208/tools/bin/../lib/gcc/arm-none-eabi/7.3.1/../../../../arm-none-eabi/lib/thumb/v7e-m/fpv5/hard/libc_nano.a(lib_a-puts.o) (__swsetup_r)
/opt/st/stm32cubeide_1.4.0/plugins/com.st.stm32cube.ide.mcu.externaltools.gnu-tools-for-stm32.7-2018-q2-update.linux64_1.4.0.202007081208/tools/bin/../lib/gcc/arm-none-eabi/7.3.1/../../../../arm-none-eabi/lib/thumb/v7e-m/fpv5/hard/libc_nano.a(lib_a-fflush.o)
                              /opt/st/stm32cubeide_1.4.0/plugins/com.st.stm32cube.ide.mcu.externaltools.gnu-tools-for-stm32.7-2018-q2-update.linux64_1.4.0.202007081208/tools/bin/../lib/gcc/arm-none-eabi/7.3.1/../../../../arm-none-eabi/lib/thumb/v7e-m/fpv5/hard/libc_nano.a(lib_a-wbuf.o) (_fflush_r)
[...]
Memory Configuration

Name             Origin             Length             Attributes
RAM              0x0000000024000000 0x0000000000080000 xrw
ROM              0x0000000008000000 0x0000000000020000 xr
*default*        0x0000000000000000 0xffffffffffffffff

Linker script and memory map

LOAD /opt/st/stm32cubeide_1.4.0/plugins/com.st.stm32cube.ide.mcu.externaltools.gnu-tools-for-stm32.7-2018-q2-update.linux64_1.4.0.202007081208/tools/bin/../lib/gcc/arm-none-eabi/7.3.1/thumb/v7e-m/fpv5/hard/crti.o
LOAD /opt/st/stm32cubeide_1.4.0/plugins/com.st.stm32cube.ide.mcu.externaltools.gnu-tools-for-stm32.7-2018-q2-update.linux64_1.4.0.202007081208/tools/bin/../lib/gcc/arm-none-eabi/7.3.1/thumb/v7e-m/fpv5/hard/crtbegin.o
LOAD /opt/st/stm32cubeide_1.4.0/plugins/com.st.stm32cube.ide.mcu.externaltools.gnu-tools-for-stm32.7-2018-q2-update.linux64_1.4.0.202007081208/tools/bin/../lib/gcc/arm-none-eabi/7.3.1/../../../../arm-none-eabi/lib/thumb/v7e-m/fpv5/hard/crt0.o
LOAD Src/bitmaps.o
LOAD Src/delay.o
LOAD Src/fifo.o
LOAD Src/main.o
LOAD Src/syscalls.o
LOAD Src/sysclk.o
LOAD Src/sysmem.o
LOAD Src/drivers/ili9341.o
LOAD Src/drivers/nrf24l01.o
LOAD Src/hardware/rng.o
LOAD Src/hardware/rs232.o
LOAD Src/hardware/rtc.o
LOAD Src/hardware/spi.o
LOAD Startup/startup_stm32h750vbtx.o
START GROUP
LOAD /opt/st/stm32cubeide_1.4.0/plugins/com.st.stm32cube.ide.mcu.externaltools.gnu-tools-for-stm32.7-2018-q2-update.linux64_1.4.0.202007081208/tools/bin/../lib/gcc/arm-none-eabi/7.3.1/../../../../arm-none-eabi/lib/thumb/v7e-m/fpv5/hard/libstdc++_nano.a
LOAD /opt/st/stm32cubeide_1.4.0/plugins/com.st.stm32cube.ide.mcu.externaltools.gnu-tools-for-stm32.7-2018-q2-update.linux64_1.4.0.202007081208/tools/bin/../lib/gcc/arm-none-eabi/7.3.1/../../../../arm-none-eabi/lib/thumb/v7e-m/fpv5/hard/libsupc++_nano.a
END GROUP
LOAD /opt/st/stm32cubeide_1.4.0/plugins/com.st.stm32cube.ide.mcu.externaltools.gnu-tools-for-stm32.7-2018-q2-update.linux64_1.4.0.202007081208/tools/bin/../lib/gcc/arm-none-eabi/7.3.1/../../../../arm-none-eabi/lib/thumb/v7e-m/fpv5/hard/libstdc++_nano.a
LOAD /opt/st/stm32cubeide_1.4.0/plugins/com.st.stm32cube.ide.mcu.externaltools.gnu-tools-for-stm32.7-2018-q2-update.linux64_1.4.0.202007081208/tools/bin/../lib/gcc/arm-none-eabi/7.3.1/../../../../arm-none-eabi/lib/thumb/v7e-m/fpv5/hard/libm.a
LOAD /opt/st/stm32cubeide_1.4.0/plugins/com.st.stm32cube.ide.mcu.externaltools.gnu-tools-for-stm32.7-2018-q2-update.linux64_1.4.0.202007081208/tools/bin/../lib/gcc/arm-none-eabi/7.3.1/../../../../arm-none-eabi/lib/thumb/v7e-m/fpv5/hard/libc_nano.a
START GROUP
LOAD /opt/st/stm32cubeide_1.4.0/plugins/com.st.stm32cube.ide.mcu.externaltools.gnu-tools-for-stm32.7-2018-q2-update.linux64_1.4.0.202007081208/tools/bin/../lib/gcc/arm-none-eabi/7.3.1/thumb/v7e-m/fpv5/hard/libgcc.a
LOAD /opt/st/stm32cubeide_1.4.0/plugins/com.st.stm32cube.ide.mcu.externaltools.gnu-tools-for-stm32.7-2018-q2-update.linux64_1.4.0.202007081208/tools/bin/../lib/gcc/arm-none-eabi/7.3.1/../../../../arm-none-eabi/lib/thumb/v7e-m/fpv5/hard/libc_nano.a
END GROUP
START GROUP
LOAD /opt/st/stm32cubeide_1.4.0/plugins/com.st.stm32cube.ide.mcu.externaltools.gnu-tools-for-stm32.7-2018-q2-update.linux64_1.4.0.202007081208/tools/bin/../lib/gcc/arm-none-eabi/7.3.1/thumb/v7e-m/fpv5/hard/libgcc.a
LOAD /opt/st/stm32cubeide_1.4.0/plugins/com.st.stm32cube.ide.mcu.externaltools.gnu-tools-for-stm32.7-2018-q2-update.linux64_1.4.0.202007081208/tools/bin/../lib/gcc/arm-none-eabi/7.3.1/../../../../arm-none-eabi/lib/thumb/v7e-m/fpv5/hard/libc_nano.a
LOAD /opt/st/stm32cubeide_1.4.0/plugins/com.st.stm32cube.ide.mcu.externaltools.gnu-tools-for-stm32.7-2018-q2-update.linux64_1.4.0.202007081208/tools/bin/../lib/gcc/arm-none-eabi/7.3.1/../../../../arm-none-eabi/lib/thumb/v7e-m/fpv5/hard/libnosys.a
END GROUP
START GROUP
LOAD /opt/st/stm32cubeide_1.4.0/plugins/com.st.stm32cube.ide.mcu.externaltools.gnu-tools-for-stm32.7-2018-q2-update.linux64_1.4.0.202007081208/tools/bin/../lib/gcc/arm-none-eabi/7.3.1/thumb/v7e-m/fpv5/hard/libgcc.a
LOAD /opt/st/stm32cubeide_1.4.0/plugins/com.st.stm32cube.ide.mcu.externaltools.gnu-tools-for-stm32.7-2018-q2-update.linux64_1.4.0.202007081208/tools/bin/../lib/gcc/arm-none-eabi/7.3.1/../../../../arm-none-eabi/lib/thumb/v7e-m/fpv5/hard/libc_nano.a
LOAD /opt/st/stm32cubeide_1.4.0/plugins/com.st.stm32cube.ide.mcu.externaltools.gnu-tools-for-stm32.7-2018-q2-update.linux64_1.4.0.202007081208/tools/bin/../lib/gcc/arm-none-eabi/7.3.1/../../../../arm-none-eabi/lib/thumb/v7e-m/fpv5/hard/libnosys.a
END GROUP
LOAD /opt/st/stm32cubeide_1.4.0/plugins/com.st.stm32cube.ide.mcu.externaltools.gnu-tools-for-stm32.7-2018-q2-update.linux64_1.4.0.202007081208/tools/bin/../lib/gcc/arm-none-eabi/7.3.1/thumb/v7e-m/fpv5/hard/crtend.o
LOAD /opt/st/stm32cubeide_1.4.0/plugins/com.st.stm32cube.ide.mcu.externaltools.gnu-tools-for-stm32.7-2018-q2-update.linux64_1.4.0.202007081208/tools/bin/../lib/gcc/arm-none-eabi/7.3.1/thumb/v7e-m/fpv5/hard/crtn.o
                0x0000000024080000                _estack = (ORIGIN (RAM) + LENGTH (RAM))
                0x0000000000000200                _Min_Heap_Size = 0x200
                0x0000000000000400                _Min_Stack_Size = 0x400

.isr_vector     0x0000000008000000      0x298
                0x0000000008000000                . = ALIGN (0x4)
 *(.isr_vector)
 .isr_vector    0x0000000008000000      0x298 Startup/startup_stm32h750vbtx.o
                0x0000000008000000                g_pfnVectors
                0x0000000008000298                . = ALIGN (0x4)

.text           0x0000000008000298     0x1de0
                0x0000000008000298                . = ALIGN (0x4)
 *(.text)
 .text          0x0000000008000298       0x40 /opt/st/stm32cubeide_1.4.0/plugins/com.st.stm32cube.ide.mcu.externaltools.gnu-tools-for-stm32.7-2018-q2-update.linux64_1.4.0.202007081208/tools/bin/../lib/gcc/arm-none-eabi/7.3.1/thumb/v7e-m/fpv5/hard/crtbegin.o
 *(.text*)
 .text._ZN5Delay4initEv
                0x00000000080002d8       0x1e Src/delay.o
                0x00000000080002d8                Delay::init()
 .text._ZN5Delay2usEm
                0x00000000080002f6       0x56 Src/delay.o
                0x00000000080002f6                Delay::us(unsigned long)
 .text._ZN5Delay2msEm
                0x000000000800034c       0x2c Src/delay.o
                0x000000000800034c                Delay::ms(unsigned long)
 .text._Z5setupv
                0x0000000008000378       0x98 Src/main.o
                0x0000000008000378                setup()
 .text._Z8lcd_initv
                0x0000000008000410       0xc0 Src/main.o
                0x0000000008000410                lcd_init()
 .text.main     0x00000000080004d0      0x1f8 Src/main.o
                0x00000000080004d0                main
 .text._Z41__static_initialization_and_destruction_0ii
                0x00000000080006c8       0x7c Src/main.o
 .text._GLOBAL__sub_I__Z5setupv
                0x0000000008000744       0x10 Src/main.o
 .text._read    0x0000000008000754       0x3a Src/syscalls.o
                0x0000000008000754                _read
 .text._write   0x000000000800078e       0x38 Src/syscalls.o
                0x000000000800078e                _write
 .text._close   0x00000000080007c6       0x18 Src/syscalls.o
                0x00000000080007c6                _close
 .text._fstat   0x00000000080007de       0x20 Src/syscalls.o
                0x00000000080007de                _fstat
 .text._isatty  0x00000000080007fe       0x16 Src/syscalls.o
                0x00000000080007fe                _isatty
 .text._lseek   0x0000000008000814       0x1a Src/syscalls.o
                0x0000000008000814                _lseek
 *fill*         0x000000000800082e        0x2 
 .text._Z11sysclk_initv
                0x0000000008000830      0x1c4 Src/sysclk.o
                0x0000000008000830                sysclk_init()
 .text._sbrk    0x00000000080009f4       0x6c Src/sysmem.o
                0x00000000080009f4                _sbrk
 .text._ZN7Drivers7ILI9341C2ERN8Hardware3SPIEPV12GPIO_TypeDefhh
                0x0000000008000a60       0x34 Src/drivers/ili9341.o
                0x0000000008000a60                Drivers::ILI9341::ILI9341(Hardware::SPI&, GPIO_TypeDef volatile*, unsigned char, unsigned char)
                0x0000000008000a60                Drivers::ILI9341::ILI9341(Hardware::SPI&, GPIO_TypeDef volatile*, unsigned char, unsigned char)
 .text._ZN7Drivers7ILI93417commandEh
                0x0000000008000a94       0x5c Src/drivers/ili9341.o
                0x0000000008000a94                Drivers::ILI9341::command(unsigned char)
 .text._ZN7Drivers7ILI93414dataEh
                0x0000000008000af0       0x5a Src/drivers/ili9341.o
                0x0000000008000af0                Drivers::ILI9341::data(unsigned char)
 .text._ZN7Drivers7ILI93414dataEtt
                0x0000000008000b4a       0x94 Src/drivers/ili9341.o
                0x0000000008000b4a                Drivers::ILI9341::data(unsigned short, unsigned short)
 .text._ZN7Drivers7ILI93414dataEPhh
                0x0000000008000bde       0x74 Src/drivers/ili9341.o
                0x0000000008000bde                Drivers::ILI9341::data(unsigned char*, unsigned char)
 .text._ZN7Drivers7ILI934113softwareResetEv
                0x0000000008000c52       0x1e Src/drivers/ili9341.o
                0x0000000008000c52                Drivers::ILI9341::softwareReset()
 .text._ZN7Drivers7ILI934113hardwareResetEv
                0x0000000008000c70       0x52 Src/drivers/ili9341.o
                0x0000000008000c70                Drivers::ILI9341::hardwareReset()
 *fill*         0x0000000008000cc2        0x2 
 .text._ZN7Drivers7ILI93414initEv
                0x0000000008000cc4       0xa8 Src/drivers/ili9341.o
                0x0000000008000cc4                Drivers::ILI9341::init()
 .text._ZN7Drivers7ILI934110drawNumberERKNS_15ILI9341_Color_tEtth
                0x0000000008000d6c       0x4c Src/drivers/ili9341.o
                0x0000000008000d6c                Drivers::ILI9341::drawNumber(Drivers::ILI9341_Color_t const&, unsigned short, unsigned short, unsigned char)
 .text._ZN7Drivers7ILI93419drawPixelERKNS_15ILI9341_Color_tEtt
                0x0000000008000db8       0x7e Src/drivers/ili9341.o
                0x0000000008000db8                Drivers::ILI9341::drawPixel(Drivers::ILI9341_Color_t const&, unsigned short, unsigned short)
 .text._ZN7Drivers7ILI934110drawBitmapERKNS_15ILI9341_Color_tEPhtth
                0x0000000008000e36       0x76 Src/drivers/ili9341.o
                0x0000000008000e36                Drivers::ILI9341::drawBitmap(Drivers::ILI9341_Color_t const&, unsigned char*, unsigned short, unsigned short, unsigned char)
 .text._ZN7Drivers7ILI934116setColumnAddressEtt
                0x0000000008000eac       0x2c Src/drivers/ili9341.o
                0x0000000008000eac                Drivers::ILI9341::setColumnAddress(unsigned short, unsigned short)
 .text._ZN7Drivers7ILI934113setRowAddressEtt
                0x0000000008000ed8       0x2c Src/drivers/ili9341.o
                0x0000000008000ed8                Drivers::ILI9341::setRowAddress(unsigned short, unsigned short)
 .text._ZN7Drivers7ILI934110writePixelERKNS_15ILI9341_Color_tE
                0x0000000008000f04       0x60 Src/drivers/ili9341.o
                0x0000000008000f04                Drivers::ILI9341::writePixel(Drivers::ILI9341_Color_t const&)
 .text._ZN7Drivers7ILI934110drawSquareERKNS_15ILI9341_Color_tEtttt
                0x0000000008000f64       0xa6 Src/drivers/ili9341.o
                0x0000000008000f64                Drivers::ILI9341::drawSquare(Drivers::ILI9341_Color_t const&, unsigned short, unsigned short, unsigned short, unsigned short)
 .text._ZN7Drivers7ILI93415clearERKNS_15ILI9341_Color_tE
                0x000000000800100a       0x28 Src/drivers/ili9341.o
                0x000000000800100a                Drivers::ILI9341::clear(Drivers::ILI9341_Color_t const&)
 .text._ZN7Drivers10NordicSemi8NRF24L01C2ENS0_17NRF24L01_Config_tERN8Hardware3SPIEPV12GPIO_TypeDefh
                0x0000000008001032       0x3e Src/drivers/nrf24l01.o
                0x0000000008001032                Drivers::NordicSemi::NRF24L01::NRF24L01(Drivers::NordicSemi::NRF24L01_Config_t, Hardware::SPI&, GPIO_TypeDef volatile*, unsigned char)
                0x0000000008001032                Drivers::NordicSemi::NRF24L01::NRF24L01(Drivers::NordicSemi::NRF24L01_Config_t, Hardware::SPI&, GPIO_TypeDef volatile*, unsigned char)
 .text._ZN8Hardware21RandomNumberGenerator4initEv
                0x0000000008001070       0x30 Src/hardware/rng.o
                0x0000000008001070                Hardware::RandomNumberGenerator::init()
 .text.__NVIC_EnableIRQ
                0x00000000080010a0       0x40 Src/hardware/rs232.o
 .text.__io_putchar
                0x00000000080010e0       0x1c Src/hardware/rs232.o
                0x00000000080010e0                __io_putchar
 .text._ZN8Hardware5RS2324initEm
                0x00000000080010fc       0x44 Src/hardware/rs232.o
                0x00000000080010fc                Hardware::RS232::init(unsigned long)
 .text._ZN8Hardware5RS2325writeEc
                0x0000000008001140       0x40 Src/hardware/rs232.o
                0x0000000008001140                Hardware::RS232::write(char)
 .text._ZN8Hardware9RTCDriver6unlockEv
                0x0000000008001180       0x20 Src/hardware/rtc.o
                0x0000000008001180                Hardware::RTCDriver::unlock()
 .text._ZN8Hardware9RTCDriver4lockEv
                0x00000000080011a0       0x18 Src/hardware/rtc.o
                0x00000000080011a0                Hardware::RTCDriver::lock()
 .text._ZN8Hardware9RTCDriver4initEv
                0x00000000080011b8       0x7c Src/hardware/rtc.o
                0x00000000080011b8                Hardware::RTCDriver::init()
 .text._ZN8Hardware9RTCDriver7getTimeEv
                0x0000000008001234       0xd0 Src/hardware/rtc.o
                0x0000000008001234                Hardware::RTCDriver::getTime()
 .text._ZN8Hardware9RTCDriver7setTimeEhhh
                0x0000000008001304       0xe8 Src/hardware/rtc.o
                0x0000000008001304                Hardware::RTCDriver::setTime(unsigned char, unsigned char, unsigned char)
 .text._ZN8Hardware9RTCDriver7setDateEhhhNS_13RTC_WeekDay_tE
                0x00000000080013ec      0x104 Src/hardware/rtc.o
                0x00000000080013ec                Hardware::RTCDriver::setDate(unsigned char, unsigned char, unsigned char, Hardware::RTC_WeekDay_t)
 .text._ZN8Hardware3SPIC2EPV11SPI_TypeDef
                0x00000000080014f0       0x1e Src/hardware/spi.o
                0x00000000080014f0                Hardware::SPI::SPI(SPI_TypeDef volatile*)
                0x00000000080014f0                Hardware::SPI::SPI(SPI_TypeDef volatile*)
 *fill*         0x000000000800150e        0x2 
 .text._ZN8Hardware3SPI4initEv
                0x0000000008001510       0xf4 Src/hardware/spi.o
                0x0000000008001510                Hardware::SPI::init()
 .text._ZN8Hardware3SPI5startEv
                0x0000000008001604       0x34 Src/hardware/spi.o
                0x0000000008001604                Hardware::SPI::start()
 .text._ZN8Hardware3SPI4stopEv
                0x0000000008001638       0x34 Src/hardware/spi.o
                0x0000000008001638                Hardware::SPI::stop()
 .text._ZN8Hardware3SPI5awaitEv
                0x000000000800166c       0x2e Src/hardware/spi.o
                0x000000000800166c                Hardware::SPI::await()
 .text._ZN8Hardware3SPI6write8Eh
                0x000000000800169a       0x3c Src/hardware/spi.o
                0x000000000800169a                Hardware::SPI::write8(unsigned char)
 *fill*         0x00000000080016d6        0x2 
 .text.Reset_Handler
                0x00000000080016d8       0x50 Startup/startup_stm32h750vbtx.o
                0x00000000080016d8                Reset_Handler
 .text.Default_Handler
                0x0000000008001728        0x2 Startup/startup_stm32h750vbtx.o
                0x0000000008001728                HASH_RNG_IRQHandler
                0x0000000008001728                EXTI2_IRQHandler
                0x0000000008001728                TIM8_CC_IRQHandler
                0x0000000008001728                DMA_STR2_IRQHandler
                0x0000000008001728                DebugMon_Handler
                0x0000000008001728                UART8_IRQHandler
                0x0000000008001728                SPI4_IRQHandler
                0x0000000008001728                HRTIM1_MST_IRQHandler
                0x0000000008001728                HardFault_Handler
                0x0000000008001728                DMA_STR5_IRQHandler
                0x0000000008001728                HRTIM1_FLT_IRQHandler
                0x0000000008001728                JPEG_IRQHandler
                0x0000000008001728                SysTick_Handler
                0x0000000008001728                DMA2_STR1_IRQHandler
                0x0000000008001728                DMA2_STR5_IRQHandler
                0x0000000008001728                HRTIM1_TIMD_IRQHandler
                0x0000000008001728                PendSV_Handler
                0x0000000008001728                NMI_Handler
                0x0000000008001728                EXTI3_IRQHandler
                0x0000000008001728                LPTIM4_IRQHandler
                0x0000000008001728                TIM8_TRG_COM_TIM14_IRQHandler
                0x0000000008001728                LPTIM2_IRQHandler
                0x0000000008001728                DFSDM1_FLT1_IRQHandler
                0x0000000008001728                DMAMUX2_OVR_IRQHandler
                0x0000000008001728                TIM8_UP_TIM13_IRQHandler
                0x0000000008001728                I2C3_ER_IRQHandler
                0x0000000008001728                DFSDM1_FLT2_IRQHandler
                0x0000000008001728                MDMA_IRQHandler
                0x0000000008001728                LPTIM3_IRQHandler
                0x0000000008001728                EXTI0_IRQHandler
                0x0000000008001728                I2C2_EV_IRQHandler
                0x0000000008001728                FPU_IRQHandler
                0x0000000008001728                DMA_STR1_IRQHandler
                0x0000000008001728                OTG_HS_WKUP_IRQHandler
                0x0000000008001728                FDCAN1_IT1_IRQHandler
                0x0000000008001728                UsageFault_Handler
                0x0000000008001728                LTDC_ER_IRQHandler
                0x0000000008001728                ADC1_2_IRQHandler
                0x0000000008001728                SPI1_IRQHandler
                0x0000000008001728                BDMA_CH2_IRQHandler
                0x0000000008001728                TIM6_DAC_IRQHandler
                0x0000000008001728                DCMI_IRQHandler
                0x0000000008001728                HRTIM1_TIMC_IRQHandler
                0x0000000008001728                SDMMC_IRQHandler
                0x0000000008001728                RTC_ALARM_IRQHandler
                0x0000000008001728                DMA_STR0_IRQHandler
                0x0000000008001728                SAI2_IRQHandler
                0x0000000008001728                DMA2_STR3_IRQHandler
                0x0000000008001728                DFSDM1_FLT3_IRQHandler
                0x0000000008001728                USART6_IRQHandler
                0x0000000008001728                BDMA_CH5_IRQHandler
                0x0000000008001728                TIM17_IRQHandler
                0x0000000008001728                BDMA_CH6_IRQHandler
                0x0000000008001728                USART3_IRQHandler
                0x0000000008001728                WKUP_IRQHandler
                0x0000000008001728                CRYP_IRQHandler
                0x0000000008001728                BDMA_CH3_IRQHandler
                0x0000000008001728                LPTIM5_IRQHandler
                0x0000000008001728                LPUART_IRQHandler
                0x0000000008001728                UART5_IRQHandler
                0x0000000008001728                ADC3_IRQHandler
                0x0000000008001728                DMA_STR6_IRQHandler
                0x0000000008001728                TIM4_IRQHandler
                0x0000000008001728                QUADSPI_IRQHandler
                0x0000000008001728                I2C1_EV_IRQHandler
                0x0000000008001728                DMA1_STR7_IRQHandler
                0x0000000008001728                TIM16_IRQHandler
                0x0000000008001728                UART4_IRQHandler
                0x0000000008001728                TIM3_IRQHandler
                0x0000000008001728                RCC_IRQHandler
                0x0000000008001728                TIM8_BRK_TIM12_IRQHandler
                0x0000000008001728                TIM1_TRG_COM_IRQHandler
                0x0000000008001728                Default_Handler
                0x0000000008001728                HRTIM_TIMB_IRQHandler
                0x0000000008001728                CEC_IRQHandler
                0x0000000008001728                EXTI15_10_IRQHandler
                0x0000000008001728                BDMA_CH4_IRQHandler
                0x0000000008001728                DMA_STR3_IRQHandler
                0x0000000008001728                HRTIM_TIME_IRQHandler
                0x0000000008001728                HRTIM1_TIMA_IRQHandler
                0x0000000008001728                SPI5_IRQHandler
                0x0000000008001728                TIM7_IRQHandler
                0x0000000008001728                SDMMC1_IRQHandler
                0x0000000008001728                TIM5_IRQHandler
                0x0000000008001728                SPDIF_IRQHandler
                0x0000000008001728                TIM15_IRQHandler
                0x0000000008001728                I2C3_EV_IRQHandler
                0x0000000008001728                WWDG1_RST_IRQHandler
                0x0000000008001728                EXTI9_5_IRQHandler
                0x0000000008001728                DMA2_STR4_IRQHandler
                0x0000000008001728                RTC_WKUP_IRQHandler
                0x0000000008001728                DMA2_STR6_IRQHandler
                0x0000000008001728                LTDC_IRQHandler
                0x0000000008001728                SAI3_IRQHandler
                0x0000000008001728                ETH_WKUP_IRQHandler
                0x0000000008001728                PVD_PVM_IRQHandler
                0x0000000008001728                SPI2_IRQHandler
                0x0000000008001728                OTG_HS_EP1_IN_IRQHandler
                0x0000000008001728                MemManage_Handler
                0x0000000008001728                DMA2_STR0_IRQHandler
                0x0000000008001728                SVC_Handler
                0x0000000008001728                CRS_IRQHandler
                0x0000000008001728                EXTI4_IRQHandler
                0x0000000008001728                DMAMUX1_OV_IRQHandler
                0x0000000008001728                FDCAN2_IT1_IRQHandler
                0x0000000008001728                DMA_STR4_IRQHandler
                0x0000000008001728                COMP_IRQHandler
                0x0000000008001728                DMA2_STR2_IRQHandler
                0x0000000008001728                ETH_IRQHandler
                0x0000000008001728                TIM1_UP_IRQHandler
                0x0000000008001728                DMA2_STR7_IRQHandler
                0x0000000008001728                OTG_HS_EP1_OUT_IRQHandler
                0x0000000008001728                SPI6_IRQHandler
                0x0000000008001728                MDIOS_IRQHandler
                0x0000000008001728                I2C4_EV_IRQHandler
                0x0000000008001728                FDCAN2_IT0_IRQHandler
                0x0000000008001728                BDMA_CH7_IRQHandler
                0x0000000008001728                FDCAN1_IT0_IRQHandler
                0x0000000008001728                TIM2_IRQHandler
                0x0000000008001728                HSEM0_IRQHandler
                0x0000000008001728                OTG_FS_WKUP_IRQHandler
                0x0000000008001728                OTG_HS_IRQHandler
                0x0000000008001728                DMA2D_IRQHandler
                0x0000000008001728                TIM1_BRK_IRQHandler
                0x0000000008001728                EXTI1_IRQHandler
                0x0000000008001728                OTG_FS_EP1_OUT_IRQHandler
                0x0000000008001728                UART7_IRQHandler
                0x0000000008001728                MDIOS_WKUP_IRQHandler
                0x0000000008001728                USART2_IRQHandler
                0x0000000008001728                DFSDM1_FLT0_IRQHandler
                0x0000000008001728                SAI4_IRQHandler
                0x0000000008001728                I2C2_ER_IRQHandler
                0x0000000008001728                FLASH_IRQHandler
                0x0000000008001728                WWDG1_IRQHandler
                0x0000000008001728                BusFault_Handler
                0x0000000008001728                USART1_IRQHandler
                0x0000000008001728                OTG_FS_IRQHandler
                0x0000000008001728                SPI3_IRQHandler
                0x0000000008001728                OTG_FS_EP1_IN_IRQHandler
                0x0000000008001728                I2C1_ER_IRQHandler
                0x0000000008001728                FMC_IRQHandler
                0x0000000008001728                BDMA_CH1_IRQHandler
                0x0000000008001728                SWPMI1_IRQHandler
                0x0000000008001728                LPTIM1_IRQHandler
                0x0000000008001728                BDMA_CH8_IRQHandler
                0x0000000008001728                TIM_CC_IRQHandler
                0x0000000008001728                I2C4_ER_IRQHandler
                0x0000000008001728                SAI1_IRQHandler
                0x0000000008001728                RTC_TAMP_STAMP_CSS_LSE_IRQHandler
 *fill*         0x000000000800172a        0x2 
 .text.__errno  0x000000000800172c        0xc /opt/st/stm32cubeide_1.4.0/plugins/com.st.stm32cube.ide.mcu.externaltools.gnu-tools-for-stm32.7-2018-q2-update.linux64_1.4.0.202007081208/tools/bin/../lib/gcc/arm-none-eabi/7.3.1/../../../../arm-none-eabi/lib/thumb/v7e-m/fpv5/hard/libc_nano.a(lib_a-errno.o)
                0x000000000800172c                __errno
 .text.__libc_init_array
                0x0000000008001738       0x48 /opt/st/stm32cubeide_1.4.0/plugins/com.st.stm32cube.ide.mcu.externaltools.gnu-tools-for-stm32.7-2018-q2-update.linux64_1.4.0.202007081208/tools/bin/../lib/gcc/arm-none-eabi/7.3.1/../../../../arm-none-eabi/lib/thumb/v7e-m/fpv5/hard/libc_nano.a(lib_a-init.o)
                0x0000000008001738                __libc_init_array
 .text.memset   0x0000000008001780       0x10 /opt/st/stm32cubeide_1.4.0/plugins/com.st.stm32cube.ide.mcu.externaltools.gnu-tools-for-stm32.7-2018-q2-update.linux64_1.4.0.202007081208/tools/bin/../lib/gcc/arm-none-eabi/7.3.1/../../../../arm-none-eabi/lib/thumb/v7e-m/fpv5/hard/libc_nano.a(lib_a-memset.o)
                0x0000000008001780                memset
 .text._puts_r  0x0000000008001790       0xb8 /opt/st/stm32cubeide_1.4.0/plugins/com.st.stm32cube.ide.mcu.externaltools.gnu-tools-for-stm32.7-2018-q2-update.linux64_1.4.0.202007081208/tools/bin/../lib/gcc/arm-none-eabi/7.3.1/../../../../arm-none-eabi/lib/thumb/v7e-m/fpv5/hard/libc_nano.a(lib_a-puts.o)
                0x0000000008001790                _puts_r
 .text.puts     0x0000000008001848       0x10 /opt/st/stm32cubeide_1.4.0/plugins/com.st.stm32cube.ide.mcu.externaltools.gnu-tools-for-stm32.7-2018-q2-update.linux64_1.4.0.202007081208/tools/bin/../lib/gcc/arm-none-eabi/7.3.1/../../../../arm-none-eabi/lib/thumb/v7e-m/fpv5/hard/libc_nano.a(lib_a-puts.o)
                0x0000000008001848                puts
 .text.__swbuf_r
                0x0000000008001858       0xa4 /opt/st/stm32cubeide_1.4.0/plugins/com.st.stm32cube.ide.mcu.externaltools.gnu-tools-for-stm32.7-2018-q2-update.linux64_1.4.0.202007081208/tools/bin/../lib/gcc/arm-none-eabi/7.3.1/../../../../arm-none-eabi/lib/thumb/v7e-m/fpv5/hard/libc_nano.a(lib_a-wbuf.o)
                0x0000000008001858                __swbuf_r
 .text.__swsetup_r
                0x00000000080018fc       0xdc /opt/st/stm32cubeide_1.4.0/plugins/com.st.stm32cube.ide.mcu.externaltools.gnu-tools-for-stm32.7-2018-q2-update.linux64_1.4.0.202007081208/tools/bin/../lib/gcc/arm-none-eabi/7.3.1/../../../../arm-none-eabi/lib/thumb/v7e-m/fpv5/hard/libc_nano.a(lib_a-wsetup.o)
                0x00000000080018fc                __swsetup_r
 .text.__sflush_r
                0x00000000080019d8      0x10c /opt/st/stm32cubeide_1.4.0/plugins/com.st.stm32cube.ide.mcu.externaltools.gnu-tools-for-stm32.7-2018-q2-update.linux64_1.4.0.202007081208/tools/bin/../lib/gcc/arm-none-eabi/7.3.1/../../../../arm-none-eabi/lib/thumb/v7e-m/fpv5/hard/libc_nano.a(lib_a-fflush.o)
                0x00000000080019d8                __sflush_r
 .text._fflush_r
                0x0000000008001ae4       0x54 /opt/st/stm32cubeide_1.4.0/plugins/com.st.stm32cube.ide.mcu.externaltools.gnu-tools-for-stm32.7-2018-q2-update.linux64_1.4.0.202007081208/tools/bin/../lib/gcc/arm-none-eabi/7.3.1/../../../../arm-none-eabi/lib/thumb/v7e-m/fpv5/hard/libc_nano.a(lib_a-fflush.o)
                0x0000000008001ae4                _fflush_r
 .text.std      0x0000000008001b38       0x48 /opt/st/stm32cubeide_1.4.0/plugins/com.st.stm32cube.ide.mcu.externaltools.gnu-tools-for-stm32.7-2018-q2-update.linux64_1.4.0.202007081208/tools/bin/../lib/gcc/arm-none-eabi/7.3.1/../../../../arm-none-eabi/lib/thumb/v7e-m/fpv5/hard/libc_nano.a(lib_a-findfp.o)
 .text._cleanup_r
                0x0000000008001b80        0xc /opt/st/stm32cubeide_1.4.0/plugins/com.st.stm32cube.ide.mcu.externaltools.gnu-tools-for-stm32.7-2018-q2-update.linux64_1.4.0.202007081208/tools/bin/../lib/gcc/arm-none-eabi/7.3.1/../../../../arm-none-eabi/lib/thumb/v7e-m/fpv5/hard/libc_nano.a(lib_a-findfp.o)
                0x0000000008001b80                _cleanup_r
 .text.__sfmoreglue
                0x0000000008001b8c       0x2c /opt/st/stm32cubeide_1.4.0/plugins/com.st.stm32cube.ide.mcu.externaltools.gnu-tools-for-stm32.7-2018-q2-update.linux64_1.4.0.202007081208/tools/bin/../lib/gcc/arm-none-eabi/7.3.1/../../../../arm-none-eabi/lib/thumb/v7e-m/fpv5/hard/libc_nano.a(lib_a-findfp.o)
                0x0000000008001b8c                __sfmoreglue
 .text.__sinit  0x0000000008001bb8       0x60 /opt/st/stm32cubeide_1.4.0/plugins/com.st.stm32cube.ide.mcu.externaltools.gnu-tools-for-stm32.7-2018-q2-update.linux64_1.4.0.202007081208/tools/bin/../lib/gcc/arm-none-eabi/7.3.1/../../../../arm-none-eabi/lib/thumb/v7e-m/fpv5/hard/libc_nano.a(lib_a-findfp.o)
                0x0000000008001bb8                __sinit
 .text.__sfp    0x0000000008001c18       0x78 /opt/st/stm32cubeide_1.4.0/plugins/com.st.stm32cube.ide.mcu.externaltools.gnu-tools-for-stm32.7-2018-q2-update.linux64_1.4.0.202007081208/tools/bin/../lib/gcc/arm-none-eabi/7.3.1/../../../../arm-none-eabi/lib/thumb/v7e-m/fpv5/hard/libc_nano.a(lib_a-findfp.o)
                0x0000000008001c18                __sfp
 .text._fwalk_reent
                0x0000000008001c90       0x3c /opt/st/stm32cubeide_1.4.0/plugins/com.st.stm32cube.ide.mcu.externaltools.gnu-tools-for-stm32.7-2018-q2-update.linux64_1.4.0.202007081208/tools/bin/../lib/gcc/arm-none-eabi/7.3.1/../../../../arm-none-eabi/lib/thumb/v7e-m/fpv5/hard/libc_nano.a(lib_a-fwalk.o)
                0x0000000008001c90                _fwalk_reent
 .text.__swhatbuf_r
                0x0000000008001ccc       0x48 /opt/st/stm32cubeide_1.4.0/plugins/com.st.stm32cube.ide.mcu.externaltools.gnu-tools-for-stm32.7-2018-q2-update.linux64_1.4.0.202007081208/tools/bin/../lib/gcc/arm-none-eabi/7.3.1/../../../../arm-none-eabi/lib/thumb/v7e-m/fpv5/hard/libc_nano.a(lib_a-makebuf.o)
                0x0000000008001ccc                __swhatbuf_r
 .text.__smakebuf_r
                0x0000000008001d14       0x80 /opt/st/stm32cubeide_1.4.0/plugins/com.st.stm32cube.ide.mcu.externaltools.gnu-tools-for-stm32.7-2018-q2-update.linux64_1.4.0.202007081208/tools/bin/../lib/gcc/arm-none-eabi/7.3.1/../../../../arm-none-eabi/lib/thumb/v7e-m/fpv5/hard/libc_nano.a(lib_a-makebuf.o)
                0x0000000008001d14                __smakebuf_r
 .text._free_r  0x0000000008001d94       0x9c /opt/st/stm32cubeide_1.4.0/plugins/com.st.stm32cube.ide.mcu.externaltools.gnu-tools-for-stm32.7-2018-q2-update.linux64_1.4.0.202007081208/tools/bin/../lib/gcc/arm-none-eabi/7.3.1/../../../../arm-none-eabi/lib/thumb/v7e-m/fpv5/hard/libc_nano.a(lib_a-nano-freer.o)
                0x0000000008001d94                _free_r
 .text._malloc_r
                0x0000000008001e30       0xb4 /opt/st/stm32cubeide_1.4.0/plugins/com.st.stm32cube.ide.mcu.externaltools.gnu-tools-for-stm32.7-2018-q2-update.linux64_1.4.0.202007081208/tools/bin/../lib/gcc/arm-none-eabi/7.3.1/../../../../arm-none-eabi/lib/thumb/v7e-m/fpv5/hard/libc_nano.a(lib_a-nano-mallocr.o)
                0x0000000008001e30                _malloc_r
 .text._sbrk_r  0x0000000008001ee4       0x20 /opt/st/stm32cubeide_1.4.0/plugins/com.st.stm32cube.ide.mcu.externaltools.gnu-tools-for-stm32.7-2018-q2-update.linux64_1.4.0.202007081208/tools/bin/../lib/gcc/arm-none-eabi/7.3.1/../../../../arm-none-eabi/lib/thumb/v7e-m/fpv5/hard/libc_nano.a(lib_a-sbrkr.o)
                0x0000000008001ee4                _sbrk_r
 .text.__sread  0x0000000008001f04       0x22 /opt/st/stm32cubeide_1.4.0/plugins/com.st.stm32cube.ide.mcu.externaltools.gnu-tools-for-stm32.7-2018-q2-update.linux64_1.4.0.202007081208/tools/bin/../lib/gcc/arm-none-eabi/7.3.1/../../../../arm-none-eabi/lib/thumb/v7e-m/fpv5/hard/libc_nano.a(lib_a-stdio.o)
                0x0000000008001f04                __sread
 .text.__swrite
                0x0000000008001f26       0x38 /opt/st/stm32cubeide_1.4.0/plugins/com.st.stm32cube.ide.mcu.externaltools.gnu-tools-for-stm32.7-2018-q2-update.linux64_1.4.0.202007081208/tools/bin/../lib/gcc/arm-none-eabi/7.3.1/../../../../arm-none-eabi/lib/thumb/v7e-m/fpv5/hard/libc_nano.a(lib_a-stdio.o)
                0x0000000008001f26                __swrite
 .text.__sseek  0x0000000008001f5e       0x24 /opt/st/stm32cubeide_1.4.0/plugins/com.st.stm32cube.ide.mcu.externaltools.gnu-tools-for-stm32.7-2018-q2-update.linux64_1.4.0.202007081208/tools/bin/../lib/gcc/arm-none-eabi/7.3.1/../../../../arm-none-eabi/lib/thumb/v7e-m/fpv5/hard/libc_nano.a(lib_a-stdio.o)
                0x0000000008001f5e                __sseek
 .text.__sclose
                0x0000000008001f82        0x8 /opt/st/stm32cubeide_1.4.0/plugins/com.st.stm32cube.ide.mcu.externaltools.gnu-tools-for-stm32.7-2018-q2-update.linux64_1.4.0.202007081208/tools/bin/../lib/gcc/arm-none-eabi/7.3.1/../../../../arm-none-eabi/lib/thumb/v7e-m/fpv5/hard/libc_nano.a(lib_a-stdio.o)
                0x0000000008001f82                __sclose
 *fill*         0x0000000008001f8a        0x2 
 .text._write_r
                0x0000000008001f8c       0x24 /opt/st/stm32cubeide_1.4.0/plugins/com.st.stm32cube.ide.mcu.externaltools.gnu-tools-for-stm32.7-2018-q2-update.linux64_1.4.0.202007081208/tools/bin/../lib/gcc/arm-none-eabi/7.3.1/../../../../arm-none-eabi/lib/thumb/v7e-m/fpv5/hard/libc_nano.a(lib_a-writer.o)
                0x0000000008001f8c                _write_r
 .text._close_r
                0x0000000008001fb0       0x20 /opt/st/stm32cubeide_1.4.0/plugins/com.st.stm32cube.ide.mcu.externaltools.gnu-tools-for-stm32.7-2018-q2-update.linux64_1.4.0.202007081208/tools/bin/../lib/gcc/arm-none-eabi/7.3.1/../../../../arm-none-eabi/lib/thumb/v7e-m/fpv5/hard/libc_nano.a(lib_a-closer.o)
                0x0000000008001fb0                _close_r
 .text._fstat_r
                0x0000000008001fd0       0x24 /opt/st/stm32cubeide_1.4.0/plugins/com.st.stm32cube.ide.mcu.externaltools.gnu-tools-for-stm32.7-2018-q2-update.linux64_1.4.0.202007081208/tools/bin/../lib/gcc/arm-none-eabi/7.3.1/../../../../arm-none-eabi/lib/thumb/v7e-m/fpv5/hard/libc_nano.a(lib_a-fstatr.o)
                0x0000000008001fd0                _fstat_r
 .text._isatty_r
                0x0000000008001ff4       0x20 /opt/st/stm32cubeide_1.4.0/plugins/com.st.stm32cube.ide.mcu.externaltools.gnu-tools-for-stm32.7-2018-q2-update.linux64_1.4.0.202007081208/tools/bin/../lib/gcc/arm-none-eabi/7.3.1/../../../../arm-none-eabi/lib/thumb/v7e-m/fpv5/hard/libc_nano.a(lib_a-isattyr.o)
                0x0000000008001ff4                _isatty_r
 .text._lseek_r
                0x0000000008002014       0x24 /opt/st/stm32cubeide_1.4.0/plugins/com.st.stm32cube.ide.mcu.externaltools.gnu-tools-for-stm32.7-2018-q2-update.linux64_1.4.0.202007081208/tools/bin/../lib/gcc/arm-none-eabi/7.3.1/../../../../arm-none-eabi/lib/thumb/v7e-m/fpv5/hard/libc_nano.a(lib_a-lseekr.o)
                0x0000000008002014                _lseek_r
 .text.__malloc_lock
                0x0000000008002038        0x2 /opt/st/stm32cubeide_1.4.0/plugins/com.st.stm32cube.ide.mcu.externaltools.gnu-tools-for-stm32.7-2018-q2-update.linux64_1.4.0.202007081208/tools/bin/../lib/gcc/arm-none-eabi/7.3.1/../../../../arm-none-eabi/lib/thumb/v7e-m/fpv5/hard/libc_nano.a(lib_a-mlock.o)
                0x0000000008002038                __malloc_lock
 .text.__malloc_unlock
                0x000000000800203a        0x2 /opt/st/stm32cubeide_1.4.0/plugins/com.st.stm32cube.ide.mcu.externaltools.gnu-tools-for-stm32.7-2018-q2-update.linux64_1.4.0.202007081208/tools/bin/../lib/gcc/arm-none-eabi/7.3.1/../../../../arm-none-eabi/lib/thumb/v7e-m/fpv5/hard/libc_nano.a(lib_a-mlock.o)
                0x000000000800203a                __malloc_unlock
 .text._read_r  0x000000000800203c       0x24 /opt/st/stm32cubeide_1.4.0/plugins/com.st.stm32cube.ide.mcu.externaltools.gnu-tools-for-stm32.7-2018-q2-update.linux64_1.4.0.202007081208/tools/bin/../lib/gcc/arm-none-eabi/7.3.1/../../../../arm-none-eabi/lib/thumb/v7e-m/fpv5/hard/libc_nano.a(lib_a-readr.o)
                0x000000000800203c                _read_r
 *(.glue_7)
 .glue_7        0x0000000008002060        0x0 linker stubs
 *(.glue_7t)
 .glue_7t       0x0000000008002060        0x0 linker stubs
 *(.eh_frame)
 .eh_frame      0x0000000008002060        0x0 /opt/st/stm32cubeide_1.4.0/plugins/com.st.stm32cube.ide.mcu.externaltools.gnu-tools-for-stm32.7-2018-q2-update.linux64_1.4.0.202007081208/tools/bin/../lib/gcc/arm-none-eabi/7.3.1/thumb/v7e-m/fpv5/hard/crtbegin.o
 *(.init)
 .init          0x0000000008002060        0x4 /opt/st/stm32cubeide_1.4.0/plugins/com.st.stm32cube.ide.mcu.externaltools.gnu-tools-for-stm32.7-2018-q2-update.linux64_1.4.0.202007081208/tools/bin/../lib/gcc/arm-none-eabi/7.3.1/thumb/v7e-m/fpv5/hard/crti.o
                0x0000000008002060                _init
 .init          0x0000000008002064        0x8 /opt/st/stm32cubeide_1.4.0/plugins/com.st.stm32cube.ide.mcu.externaltools.gnu-tools-for-stm32.7-2018-q2-update.linux64_1.4.0.202007081208/tools/bin/../lib/gcc/arm-none-eabi/7.3.1/thumb/v7e-m/fpv5/hard/crtn.o
 *(.fini)
 .fini          0x000000000800206c        0x4 /opt/st/stm32cubeide_1.4.0/plugins/com.st.stm32cube.ide.mcu.externaltools.gnu-tools-for-stm32.7-2018-q2-update.linux64_1.4.0.202007081208/tools/bin/../lib/gcc/arm-none-eabi/7.3.1/thumb/v7e-m/fpv5/hard/crti.o
                0x000000000800206c                _fini
 .fini          0x0000000008002070        0x8 /opt/st/stm32cubeide_1.4.0/plugins/com.st.stm32cube.ide.mcu.externaltools.gnu-tools-for-stm32.7-2018-q2-update.linux64_1.4.0.202007081208/tools/bin/../lib/gcc/arm-none-eabi/7.3.1/thumb/v7e-m/fpv5/hard/crtn.o
                0x0000000008002078                . = ALIGN (0x4)
                0x0000000008002078                _etext = .

.vfp11_veneer   0x0000000008002078        0x0
 .vfp11_veneer  0x0000000008002078        0x0 linker stubs

.v4_bx          0x0000000008002078        0x0
 .v4_bx         0x0000000008002078        0x0 linker stubs

.iplt           0x0000000008002078        0x0
 .iplt          0x0000000008002078        0x0 /opt/st/stm32cubeide_1.4.0/plugins/com.st.stm32cube.ide.mcu.externaltools.gnu-tools-for-stm32.7-2018-q2-update.linux64_1.4.0.202007081208/tools/bin/../lib/gcc/arm-none-eabi/7.3.1/thumb/v7e-m/fpv5/hard/crtbegin.o

.rodata         0x0000000008002078       0x90
                0x0000000008002078                . = ALIGN (0x4)
 *(.rodata)
 .rodata        0x0000000008002078        0xc Src/main.o
 .rodata        0x0000000008002084       0x1f Src/drivers/ili9341.o
 *(.rodata*)
 *fill*         0x00000000080020a3        0x1 
 .rodata._global_impure_ptr
                0x00000000080020a4        0x4 /opt/st/stm32cubeide_1.4.0/plugins/com.st.stm32cube.ide.mcu.externaltools.gnu-tools-for-stm32.7-2018-q2-update.linux64_1.4.0.202007081208/tools/bin/../lib/gcc/arm-none-eabi/7.3.1/../../../../arm-none-eabi/lib/thumb/v7e-m/fpv5/hard/libc_nano.a(lib_a-impure.o)
                0x00000000080020a4                _global_impure_ptr
 .rodata.__sf_fake_stderr
                0x00000000080020a8       0x20 /opt/st/stm32cubeide_1.4.0/plugins/com.st.stm32cube.ide.mcu.externaltools.gnu-tools-for-stm32.7-2018-q2-update.linux64_1.4.0.202007081208/tools/bin/../lib/gcc/arm-none-eabi/7.3.1/../../../../arm-none-eabi/lib/thumb/v7e-m/fpv5/hard/libc_nano.a(lib_a-findfp.o)
                0x00000000080020a8                __sf_fake_stderr
 .rodata.__sf_fake_stdin
                0x00000000080020c8       0x20 /opt/st/stm32cubeide_1.4.0/plugins/com.st.stm32cube.ide.mcu.externaltools.gnu-tools-for-stm32.7-2018-q2-update.linux64_1.4.0.202007081208/tools/bin/../lib/gcc/arm-none-eabi/7.3.1/../../../../arm-none-eabi/lib/thumb/v7e-m/fpv5/hard/libc_nano.a(lib_a-findfp.o)
                0x00000000080020c8                __sf_fake_stdin
 .rodata.__sf_fake_stdout
                0x00000000080020e8       0x20 /opt/st/stm32cubeide_1.4.0/plugins/com.st.stm32cube.ide.mcu.externaltools.gnu-tools-for-stm32.7-2018-q2-update.linux64_1.4.0.202007081208/tools/bin/../lib/gcc/arm-none-eabi/7.3.1/../../../../arm-none-eabi/lib/thumb/v7e-m/fpv5/hard/libc_nano.a(lib_a-findfp.o)
                0x00000000080020e8                __sf_fake_stdout
                0x0000000008002108                . = ALIGN (0x4)

.rel.dyn        0x0000000008002108        0x0
 .rel.iplt      0x0000000008002108        0x0 /opt/st/stm32cubeide_1.4.0/plugins/com.st.stm32cube.ide.mcu.externaltools.gnu-tools-for-stm32.7-2018-q2-update.linux64_1.4.0.202007081208/tools/bin/../lib/gcc/arm-none-eabi/7.3.1/thumb/v7e-m/fpv5/hard/crtbegin.o

.ARM.extab      0x0000000008002108        0x0
                0x0000000008002108                . = ALIGN (0x4)
 *(.ARM.extab* .gnu.linkonce.armextab.*)
                0x0000000008002108                . = ALIGN (0x4)

.ARM            0x0000000008002108        0x0
                0x0000000008002108                . = ALIGN (0x4)
                0x0000000008002108                __exidx_start = .
 *(.ARM.exidx*)
                0x0000000008002108                __exidx_end = .
                0x0000000008002108                . = ALIGN (0x4)

.preinit_array  0x0000000008002108        0x0
                0x0000000008002108                . = ALIGN (0x4)
                0x0000000008002108                PROVIDE (__preinit_array_start = .)
 *(.preinit_array*)
                0x0000000008002108                PROVIDE (__preinit_array_end = .)
                0x0000000008002108                . = ALIGN (0x4)

.init_array     0x0000000008002108        0x8
                0x0000000008002108                . = ALIGN (0x4)
                0x0000000008002108                PROVIDE (__init_array_start = .)
 *(SORT_BY_NAME(.init_array.*))
 *(.init_array*)
 .init_array    0x0000000008002108        0x4 /opt/st/stm32cubeide_1.4.0/plugins/com.st.stm32cube.ide.mcu.externaltools.gnu-tools-for-stm32.7-2018-q2-update.linux64_1.4.0.202007081208/tools/bin/../lib/gcc/arm-none-eabi/7.3.1/thumb/v7e-m/fpv5/hard/crtbegin.o
 .init_array    0x000000000800210c        0x4 Src/main.o
                0x0000000008002110                PROVIDE (__init_array_end = .)
                0x0000000008002110                . = ALIGN (0x4)

.fini_array     0x0000000008002110        0x4
                0x0000000008002110                . = ALIGN (0x4)
                [!provide]                        PROVIDE (__fini_array_start = .)
 *(SORT_BY_NAME(.fini_array.*))
 *(.fini_array*)
 .fini_array    0x0000000008002110        0x4 /opt/st/stm32cubeide_1.4.0/plugins/com.st.stm32cube.ide.mcu.externaltools.gnu-tools-for-stm32.7-2018-q2-update.linux64_1.4.0.202007081208/tools/bin/../lib/gcc/arm-none-eabi/7.3.1/thumb/v7e-m/fpv5/hard/crtbegin.o
                [!provide]                        PROVIDE (__fini_array_end = .)
                0x0000000008002114                . = ALIGN (0x4)
                0x0000000008002114                _sidata = LOADADDR (.data)

.data           0x0000000024000000       0xb0 load address 0x0000000008002114
                0x0000000024000000                . = ALIGN (0x4)
                0x0000000024000000                _sdata = .
 *(.data)
 *(.data*)
 .data.eth_connected_bitmap
                0x0000000024000000        0x7 Src/bitmaps.o
                0x0000000024000000                eth_connected_bitmap
 *fill*         0x0000000024000007        0x1 
 .data._ZL14nrf24l01Config
                0x0000000024000008        0x8 Src/main.o
 .data._ZL5colon
                0x0000000024000010        0x5 Src/main.o
 *fill*         0x0000000024000015        0x3 
 .data._ZN7DriversL13number_bitmapE
                0x0000000024000018       0x32 Src/drivers/ili9341.o
 *fill*         0x000000002400004a        0x2 
 .data._impure_ptr
                0x000000002400004c        0x4 /opt/st/stm32cubeide_1.4.0/plugins/com.st.stm32cube.ide.mcu.externaltools.gnu-tools-for-stm32.7-2018-q2-update.linux64_1.4.0.202007081208/tools/bin/../lib/gcc/arm-none-eabi/7.3.1/../../../../arm-none-eabi/lib/thumb/v7e-m/fpv5/hard/libc_nano.a(lib_a-impure.o)
                0x000000002400004c                _impure_ptr
 .data.impure_data
                0x0000000024000050       0x60 /opt/st/stm32cubeide_1.4.0/plugins/com.st.stm32cube.ide.mcu.externaltools.gnu-tools-for-stm32.7-2018-q2-update.linux64_1.4.0.202007081208/tools/bin/../lib/gcc/arm-none-eabi/7.3.1/../../../../arm-none-eabi/lib/thumb/v7e-m/fpv5/hard/libc_nano.a(lib_a-impure.o)
                0x00000000240000b0                . = ALIGN (0x4)
                0x00000000240000b0                _edata = .

.igot.plt       0x00000000240000b0        0x0 load address 0x00000000080021c4
 .igot.plt      0x00000000240000b0        0x0 /opt/st/stm32cubeide_1.4.0/plugins/com.st.stm32cube.ide.mcu.externaltools.gnu-tools-for-stm32.7-2018-q2-update.linux64_1.4.0.202007081208/tools/bin/../lib/gcc/arm-none-eabi/7.3.1/thumb/v7e-m/fpv5/hard/crtbegin.o
                0x00000000240000b0                . = ALIGN (0x4)

.bss            0x00000000240000b0       0x54 load address 0x00000000080021c4
                0x00000000240000b0                _sbss = .
                0x00000000240000b0                __bss_start__ = _sbss
 *(.bss)
 .bss           0x00000000240000b0       0x1c /opt/st/stm32cubeide_1.4.0/plugins/com.st.stm32cube.ide.mcu.externaltools.gnu-tools-for-stm32.7-2018-q2-update.linux64_1.4.0.202007081208/tools/bin/../lib/gcc/arm-none-eabi/7.3.1/thumb/v7e-m/fpv5/hard/crtbegin.o
 *(.bss*)
 .bss._ZL7lcd_spi
                0x00000000240000cc        0x4 Src/main.o
 .bss._ZL11nrf24l01SPI
                0x00000000240000d0        0x4 Src/main.o
 .bss._ZL9lcdDriver
                0x00000000240000d4        0xc Src/main.o
 .bss._ZL14nrf24l01Driver
                0x00000000240000e0       0x14 Src/main.o
 .bss.__sbrk_heap_end
                0x00000000240000f4        0x4 Src/sysmem.o
 .bss.__malloc_free_list
                0x00000000240000f8        0x4 /opt/st/stm32cubeide_1.4.0/plugins/com.st.stm32cube.ide.mcu.externaltools.gnu-tools-for-stm32.7-2018-q2-update.linux64_1.4.0.202007081208/tools/bin/../lib/gcc/arm-none-eabi/7.3.1/../../../../arm-none-eabi/lib/thumb/v7e-m/fpv5/hard/libc_nano.a(lib_a-nano-mallocr.o)
                0x00000000240000f8                __malloc_free_list
 .bss.__malloc_sbrk_start
                0x00000000240000fc        0x4 /opt/st/stm32cubeide_1.4.0/plugins/com.st.stm32cube.ide.mcu.externaltools.gnu-tools-for-stm32.7-2018-q2-update.linux64_1.4.0.202007081208/tools/bin/../lib/gcc/arm-none-eabi/7.3.1/../../../../arm-none-eabi/lib/thumb/v7e-m/fpv5/hard/libc_nano.a(lib_a-nano-mallocr.o)
                0x00000000240000fc                __malloc_sbrk_start
 *(COMMON)
 COMMON         0x0000000024000100        0x4 /opt/st/stm32cubeide_1.4.0/plugins/com.st.stm32cube.ide.mcu.externaltools.gnu-tools-for-stm32.7-2018-q2-update.linux64_1.4.0.202007081208/tools/bin/../lib/gcc/arm-none-eabi/7.3.1/../../../../arm-none-eabi/lib/thumb/v7e-m/fpv5/hard/libc_nano.a(lib_a-reent.o)
                0x0000000024000100                errno
                0x0000000024000104                . = ALIGN (0x4)
                0x0000000024000104                _ebss = .
                0x0000000024000104                __bss_end__ = _ebss

._user_heap_stack
                0x0000000024000104      0x604 load address 0x00000000080021c4
                0x0000000024000108                . = ALIGN (0x8)
 *fill*         0x0000000024000104        0x4 
                [!provide]                        PROVIDE (end = .)
                0x0000000024000108                PROVIDE (_end = .)
                0x0000000024000308                . = (. + _Min_Heap_Size)
 *fill*         0x0000000024000108      0x200 
                0x0000000024000708                . = (. + _Min_Stack_Size)
 *fill*         0x0000000024000308      0x400 
                0x0000000024000708                . = ALIGN (0x8)

/DISCARD/
 libc.a(*)
 libm.a(*)
 libgcc.a(*)

.ARM.attributes
                0x0000000000000000       0x2e
 *(.ARM.attributes)
 .ARM.attributes
                0x0000000000000000       0x20 /opt/st/stm32cubeide_1.4.0/plugins/com.st.stm32cube.ide.mcu.externaltools.gnu-tools-for-stm32.7-2018-q2-update.linux64_1.4.0.202007081208/tools/bin/../lib/gcc/arm-none-eabi/7.3.1/thumb/v7e-m/fpv5/hard/crti.o
 .ARM.attributes
                0x0000000000000020       0x32 /opt/st/stm32cubeide_1.4.0/plugins/com.st.stm32cube.ide.mcu.externaltools.gnu-tools-for-stm32.7-2018-q2-update.linux64_1.4.0.202007081208/tools/bin/../lib/gcc/arm-none-eabi/7.3.1/thumb/v7e-m/fpv5/hard/crtbegin.o
 .ARM.attributes
                0x0000000000000052       0x37 Src/bitmaps.o
 .ARM.attributes
                0x0000000000000089       0x37 Src/delay.o
 .ARM.attributes
                0x00000000000000c0       0x37 Src/main.o
 .ARM.attributes
                0x00000000000000f7       0x37 Src/syscalls.o
 .ARM.attributes
                0x000000000000012e       0x37 Src/sysclk.o
 .ARM.attributes
                0x0000000000000165       0x37 Src/sysmem.o
 .ARM.attributes
                0x000000000000019c       0x37 Src/drivers/ili9341.o
 .ARM.attributes
                0x00000000000001d3       0x37 Src/drivers/nrf24l01.o
 .ARM.attributes
                0x000000000000020a       0x37 Src/hardware/rng.o
 .ARM.attributes
                0x0000000000000241       0x37 Src/hardware/rs232.o
 .ARM.attributes
                0x0000000000000278       0x37 Src/hardware/rtc.o
 .ARM.attributes
                0x00000000000002af       0x37 Src/hardware/spi.o
 .ARM.attributes
                0x00000000000002e6       0x21 Startup/startup_stm32h750vbtx.o
 .ARM.attributes
                0x0000000000000307       0x32 /opt/st/stm32cubeide_1.4.0/plugins/com.st.stm32cube.ide.mcu.externaltools.gnu-tools-for-stm32.7-2018-q2-update.linux64_1.4.0.202007081208/tools/bin/../lib/gcc/arm-none-eabi/7.3.1/../../../../arm-none-eabi/lib/thumb/v7e-m/fpv5/hard/libc_nano.a(lib_a-errno.o)
 .ARM.attributes
                0x0000000000000339       0x32 /opt/st/stm32cubeide_1.4.0/plugins/com.st.stm32cube.ide.mcu.externaltools.gnu-tools-for-stm32.7-2018-q2-update.linux64_1.4.0.202007081208/tools/bin/../lib/gcc/arm-none-eabi/7.3.1/../../../../arm-none-eabi/lib/thumb/v7e-m/fpv5/hard/libc_nano.a(lib_a-impure.o)
 .ARM.attributes
                0x000000000000036b       0x32 /opt/st/stm32cubeide_1.4.0/plugins/com.st.stm32cube.ide.mcu.externaltools.gnu-tools-for-stm32.7-2018-q2-update.linux64_1.4.0.202007081208/tools/bin/../lib/gcc/arm-none-eabi/7.3.1/../../../../arm-none-eabi/lib/thumb/v7e-m/fpv5/hard/libc_nano.a(lib_a-init.o)
 .ARM.attributes
                0x000000000000039d       0x32 /opt/st/stm32cubeide_1.4.0/plugins/com.st.stm32cube.ide.mcu.externaltools.gnu-tools-for-stm32.7-2018-q2-update.linux64_1.4.0.202007081208/tools/bin/../lib/gcc/arm-none-eabi/7.3.1/../../../../arm-none-eabi/lib/thumb/v7e-m/fpv5/hard/libc_nano.a(lib_a-memset.o)
 .ARM.attributes
                0x00000000000003cf       0x32 /opt/st/stm32cubeide_1.4.0/plugins/com.st.stm32cube.ide.mcu.externaltools.gnu-tools-for-stm32.7-2018-q2-update.linux64_1.4.0.202007081208/tools/bin/../lib/gcc/arm-none-eabi/7.3.1/../../../../arm-none-eabi/lib/thumb/v7e-m/fpv5/hard/libc_nano.a(lib_a-puts.o)
 .ARM.attributes
                0x0000000000000401       0x32 /opt/st/stm32cubeide_1.4.0/plugins/com.st.stm32cube.ide.mcu.externaltools.gnu-tools-for-stm32.7-2018-q2-update.linux64_1.4.0.202007081208/tools/bin/../lib/gcc/arm-none-eabi/7.3.1/../../../../arm-none-eabi/lib/thumb/v7e-m/fpv5/hard/libc_nano.a(lib_a-wbuf.o)
 .ARM.attributes
                0x0000000000000433       0x32 /opt/st/stm32cubeide_1.4.0/plugins/com.st.stm32cube.ide.mcu.externaltools.gnu-tools-for-stm32.7-2018-q2-update.linux64_1.4.0.202007081208/tools/bin/../lib/gcc/arm-none-eabi/7.3.1/../../../../arm-none-eabi/lib/thumb/v7e-m/fpv5/hard/libc_nano.a(lib_a-wsetup.o)
 .ARM.attributes
                0x0000000000000465       0x32 /opt/st/stm32cubeide_1.4.0/plugins/com.st.stm32cube.ide.mcu.externaltools.gnu-tools-for-stm32.7-2018-q2-update.linux64_1.4.0.202007081208/tools/bin/../lib/gcc/arm-none-eabi/7.3.1/../../../../arm-none-eabi/lib/thumb/v7e-m/fpv5/hard/libc_nano.a(lib_a-fflush.o)
 .ARM.attributes
                0x0000000000000497       0x32 /opt/st/stm32cubeide_1.4.0/plugins/com.st.stm32cube.ide.mcu.externaltools.gnu-tools-for-stm32.7-2018-q2-update.linux64_1.4.0.202007081208/tools/bin/../lib/gcc/arm-none-eabi/7.3.1/../../../../arm-none-eabi/lib/thumb/v7e-m/fpv5/hard/libc_nano.a(lib_a-findfp.o)
 .ARM.attributes
                0x00000000000004c9       0x32 /opt/st/stm32cubeide_1.4.0/plugins/com.st.stm32cube.ide.mcu.externaltools.gnu-tools-for-stm32.7-2018-q2-update.linux64_1.4.0.202007081208/tools/bin/../lib/gcc/arm-none-eabi/7.3.1/../../../../arm-none-eabi/lib/thumb/v7e-m/fpv5/hard/libc_nano.a(lib_a-fwalk.o)
 .ARM.attributes
                0x00000000000004fb       0x32 /opt/st/stm32cubeide_1.4.0/plugins/com.st.stm32cube.ide.mcu.externaltools.gnu-tools-for-stm32.7-2018-q2-update.linux64_1.4.0.202007081208/tools/bin/../lib/gcc/arm-none-eabi/7.3.1/../../../../arm-none-eabi/lib/thumb/v7e-m/fpv5/hard/libc_nano.a(lib_a-makebuf.o)
 .ARM.attributes
                0x000000000000052d       0x32 /opt/st/stm32cubeide_1.4.0/plugins/com.st.stm32cube.ide.mcu.externaltools.gnu-tools-for-stm32.7-2018-q2-update.linux64_1.4.0.202007081208/tools/bin/../lib/gcc/arm-none-eabi/7.3.1/../../../../arm-none-eabi/lib/thumb/v7e-m/fpv5/hard/libc_nano.a(lib_a-nano-freer.o)
 .ARM.attributes
                0x000000000000055f       0x32 /opt/st/stm32cubeide_1.4.0/plugins/com.st.stm32cube.ide.mcu.externaltools.gnu-tools-for-stm32.7-2018-q2-update.linux64_1.4.0.202007081208/tools/bin/../lib/gcc/arm-none-eabi/7.3.1/../../../../arm-none-eabi/lib/thumb/v7e-m/fpv5/hard/libc_nano.a(lib_a-nano-mallocr.o)
 .ARM.attributes
                0x0000000000000591       0x32 /opt/st/stm32cubeide_1.4.0/plugins/com.st.stm32cube.ide.mcu.externaltools.gnu-tools-for-stm32.7-2018-q2-update.linux64_1.4.0.202007081208/tools/bin/../lib/gcc/arm-none-eabi/7.3.1/../../../../arm-none-eabi/lib/thumb/v7e-m/fpv5/hard/libc_nano.a(lib_a-sbrkr.o)
 .ARM.attributes
                0x00000000000005c3       0x32 /opt/st/stm32cubeide_1.4.0/plugins/com.st.stm32cube.ide.mcu.externaltools.gnu-tools-for-stm32.7-2018-q2-update.linux64_1.4.0.202007081208/tools/bin/../lib/gcc/arm-none-eabi/7.3.1/../../../../arm-none-eabi/lib/thumb/v7e-m/fpv5/hard/libc_nano.a(lib_a-stdio.o)
 .ARM.attributes
                0x00000000000005f5       0x32 /opt/st/stm32cubeide_1.4.0/plugins/com.st.stm32cube.ide.mcu.externaltools.gnu-tools-for-stm32.7-2018-q2-update.linux64_1.4.0.202007081208/tools/bin/../lib/gcc/arm-none-eabi/7.3.1/../../../../arm-none-eabi/lib/thumb/v7e-m/fpv5/hard/libc_nano.a(lib_a-writer.o)
 .ARM.attributes
                0x0000000000000627       0x32 /opt/st/stm32cubeide_1.4.0/plugins/com.st.stm32cube.ide.mcu.externaltools.gnu-tools-for-stm32.7-2018-q2-update.linux64_1.4.0.202007081208/tools/bin/../lib/gcc/arm-none-eabi/7.3.1/../../../../arm-none-eabi/lib/thumb/v7e-m/fpv5/hard/libc_nano.a(lib_a-closer.o)
 .ARM.attributes
                0x0000000000000659       0x32 /opt/st/stm32cubeide_1.4.0/plugins/com.st.stm32cube.ide.mcu.externaltools.gnu-tools-for-stm32.7-2018-q2-update.linux64_1.4.0.202007081208/tools/bin/../lib/gcc/arm-none-eabi/7.3.1/../../../../arm-none-eabi/lib/thumb/v7e-m/fpv5/hard/libc_nano.a(lib_a-fstatr.o)
 .ARM.attributes
                0x000000000000068b       0x32 /opt/st/stm32cubeide_1.4.0/plugins/com.st.stm32cube.ide.mcu.externaltools.gnu-tools-for-stm32.7-2018-q2-update.linux64_1.4.0.202007081208/tools/bin/../lib/gcc/arm-none-eabi/7.3.1/../../../../arm-none-eabi/lib/thumb/v7e-m/fpv5/hard/libc_nano.a(lib_a-isattyr.o)
 .ARM.attributes
                0x00000000000006bd       0x32 /opt/st/stm32cubeide_1.4.0/plugins/com.st.stm32cube.ide.mcu.externaltools.gnu-tools-for-stm32.7-2018-q2-update.linux64_1.4.0.202007081208/tools/bin/../lib/gcc/arm-none-eabi/7.3.1/../../../../arm-none-eabi/lib/thumb/v7e-m/fpv5/hard/libc_nano.a(lib_a-lseekr.o)
 .ARM.attributes
                0x00000000000006ef       0x32 /opt/st/stm32cubeide_1.4.0/plugins/com.st.stm32cube.ide.mcu.externaltools.gnu-tools-for-stm32.7-2018-q2-update.linux64_1.4.0.202007081208/tools/bin/../lib/gcc/arm-none-eabi/7.3.1/../../../../arm-none-eabi/lib/thumb/v7e-m/fpv5/hard/libc_nano.a(lib_a-mlock.o)
 .ARM.attributes
                0x0000000000000721       0x32 /opt/st/stm32cubeide_1.4.0/plugins/com.st.stm32cube.ide.mcu.externaltools.gnu-tools-for-stm32.7-2018-q2-update.linux64_1.4.0.202007081208/tools/bin/../lib/gcc/arm-none-eabi/7.3.1/../../../../arm-none-eabi/lib/thumb/v7e-m/fpv5/hard/libc_nano.a(lib_a-readr.o)
 .ARM.attributes
                0x0000000000000753       0x32 /opt/st/stm32cubeide_1.4.0/plugins/com.st.stm32cube.ide.mcu.externaltools.gnu-tools-for-stm32.7-2018-q2-update.linux64_1.4.0.202007081208/tools/bin/../lib/gcc/arm-none-eabi/7.3.1/../../../../arm-none-eabi/lib/thumb/v7e-m/fpv5/hard/libc_nano.a(lib_a-reent.o)
 .ARM.attributes
                0x0000000000000785       0x20 /opt/st/stm32cubeide_1.4.0/plugins/com.st.stm32cube.ide.mcu.externaltools.gnu-tools-for-stm32.7-2018-q2-update.linux64_1.4.0.202007081208/tools/bin/../lib/gcc/arm-none-eabi/7.3.1/thumb/v7e-m/fpv5/hard/crtn.o
OUTPUT(IndustrialStuff.elf elf32-littlearm)

.debug_info     0x0000000000000000     0x90fd
 .debug_info    0x0000000000000000      0x39d Src/bitmaps.o
 .debug_info    0x000000000000039d      0x651 Src/delay.o
 .debug_info    0x00000000000009ee     0x18a4 Src/main.o
 .debug_info    0x0000000000002292      0xebd Src/syscalls.o
 .debug_info    0x000000000000314f      0x7cd Src/sysclk.o
 .debug_info    0x000000000000391c      0x985 Src/sysmem.o
 .debug_info    0x00000000000042a1      0xef8 Src/drivers/ili9341.o
 .debug_info    0x0000000000005199      0xbb1 Src/drivers/nrf24l01.o
 .debug_info    0x0000000000005d4a     0x102c Src/hardware/rng.o
 .debug_info    0x0000000000006d76      0xa68 Src/hardware/rs232.o
 .debug_info    0x00000000000077de     0x11bd Src/hardware/rtc.o
 .debug_info    0x000000000000899b      0x740 Src/hardware/spi.o
 .debug_info    0x00000000000090db       0x22 Startup/startup_stm32h750vbtx.o

.debug_abbrev   0x0000000000000000     0x1a6f
 .debug_abbrev  0x0000000000000000       0xb7 Src/bitmaps.o
 .debug_abbrev  0x00000000000000b7      0x1cc Src/delay.o
 .debug_abbrev  0x0000000000000283      0x348 Src/main.o
 .debug_abbrev  0x00000000000005cb      0x261 Src/syscalls.o
 .debug_abbrev  0x000000000000082c       0xfb Src/sysclk.o
 .debug_abbrev  0x0000000000000927      0x19b Src/sysmem.o
 .debug_abbrev  0x0000000000000ac2      0x33e Src/drivers/ili9341.o
 .debug_abbrev  0x0000000000000e00      0x2c6 Src/drivers/nrf24l01.o
 .debug_abbrev  0x00000000000010c6      0x25f Src/hardware/rng.o
 .debug_abbrev  0x0000000000001325      0x239 Src/hardware/rs232.o
 .debug_abbrev  0x000000000000155e      0x2f1 Src/hardware/rtc.o
 .debug_abbrev  0x000000000000184f      0x20e Src/hardware/spi.o
 .debug_abbrev  0x0000000000001a5d       0x12 Startup/startup_stm32h750vbtx.o

.debug_aranges  0x0000000000000000      0x3b0
 .debug_aranges
                0x0000000000000000       0x18 Src/bitmaps.o
 .debug_aranges
                0x0000000000000018       0x38 Src/delay.o
 .debug_aranges
                0x0000000000000050       0x40 Src/main.o
 .debug_aranges
                0x0000000000000090       0xa8 Src/syscalls.o
 .debug_aranges
                0x0000000000000138       0x20 Src/sysclk.o
 .debug_aranges
                0x0000000000000158       0x20 Src/sysmem.o
 .debug_aranges
                0x0000000000000178       0x98 Src/drivers/ili9341.o
 .debug_aranges
                0x0000000000000210       0x60 Src/drivers/nrf24l01.o
 .debug_aranges
                0x0000000000000270       0x28 Src/hardware/rng.o
 .debug_aranges
                0x0000000000000298       0x40 Src/hardware/rs232.o
 .debug_aranges
                0x00000000000002d8       0x60 Src/hardware/rtc.o
 .debug_aranges
                0x0000000000000338       0x50 Src/hardware/spi.o
 .debug_aranges
                0x0000000000000388       0x28 Startup/startup_stm32h750vbtx.o

.debug_macro    0x0000000000000000    0x2c13c
 .debug_macro   0x0000000000000000       0x9f Src/bitmaps.o
 .debug_macro   0x000000000000009f      0xb44 Src/bitmaps.o
 .debug_macro   0x0000000000000be3      0x168 Src/bitmaps.o
 .debug_macro   0x0000000000000d4b       0x10 Src/bitmaps.o
 .debug_macro   0x0000000000000d5b      0x3f4 Src/bitmaps.o
 .debug_macro   0x000000000000114f       0x1c Src/bitmaps.o
 .debug_macro   0x000000000000116b       0x22 Src/bitmaps.o
 .debug_macro   0x000000000000118d       0x8e Src/bitmaps.o
 .debug_macro   0x000000000000121b       0x51 Src/bitmaps.o
 .debug_macro   0x000000000000126c       0xef Src/bitmaps.o
 .debug_macro   0x000000000000135b       0x6a Src/bitmaps.o
 .debug_macro   0x00000000000013c5      0x1df Src/bitmaps.o
 .debug_macro   0x00000000000015a4      0x103 Src/delay.o
 .debug_macro   0x00000000000016a7       0x3b Src/delay.o
 .debug_macro   0x00000000000016e2       0x1c Src/delay.o
 .debug_macro   0x00000000000016fe       0x22 Src/delay.o
 .debug_macro   0x0000000000001720       0xdf Src/delay.o
 .debug_macro   0x00000000000017ff     0x12cd Src/delay.o
 .debug_macro   0x0000000000002acc      0x11f Src/delay.o
 .debug_macro   0x0000000000002beb       0x19 Src/delay.o
 .debug_macro   0x0000000000002c04    0x259b2 Src/delay.o
 .debug_macro   0x00000000000285b6      0x307 Src/main.o
 .debug_macro   0x00000000000288bd       0x46 Src/main.o
 .debug_macro   0x0000000000028903       0x17 Src/main.o
 .debug_macro   0x000000000002891a       0x3c Src/main.o
 .debug_macro   0x0000000000028956       0x34 Src/main.o
 .debug_macro   0x000000000002898a       0x16 Src/main.o
 .debug_macro   0x00000000000289a0       0x97 Src/main.o
 .debug_macro   0x0000000000028a37      0x353 Src/main.o
 .debug_macro   0x0000000000028d8a      0x104 Src/main.o
 .debug_macro   0x0000000000028e8e       0x10 Src/main.o
 .debug_macro   0x0000000000028e9e       0x52 Src/main.o
 .debug_macro   0x0000000000028ef0       0x1f Src/main.o
 .debug_macro   0x0000000000028f0f       0x43 Src/main.o
 .debug_macro   0x0000000000028f52       0x20 Src/main.o
 .debug_macro   0x0000000000028f72      0x1a3 Src/main.o
 .debug_macro   0x0000000000029115       0x10 Src/main.o
 .debug_macro   0x0000000000029125       0x1c Src/main.o
 .debug_macro   0x0000000000029141       0x52 Src/main.o
 .debug_macro   0x0000000000029193       0x40 Src/main.o
 .debug_macro   0x00000000000291d3       0x10 Src/main.o
 .debug_macro   0x00000000000291e3       0x40 Src/main.o
 .debug_macro   0x0000000000029223       0xd7 Src/main.o
 .debug_macro   0x00000000000292fa       0x1c Src/main.o
 .debug_macro   0x0000000000029316       0x3d Src/main.o
 .debug_macro   0x0000000000029353       0x16 Src/main.o
 .debug_macro   0x0000000000029369      0x137 Src/main.o
 .debug_macro   0x00000000000294a0       0xd9 Src/main.o
 .debug_macro   0x0000000000029579       0x3a Src/main.o
 .debug_macro   0x00000000000295b3      0x16c Src/main.o
 .debug_macro   0x000000000002971f      0x265 Src/main.o
 .debug_macro   0x0000000000029984      0x243 Src/syscalls.o
 .debug_macro   0x0000000000029bc7      0xa72 Src/syscalls.o
 .debug_macro   0x000000000002a639       0x40 Src/syscalls.o
 .debug_macro   0x000000000002a679       0x94 Src/syscalls.o
 .debug_macro   0x000000000002a70d       0x34 Src/syscalls.o
 .debug_macro   0x000000000002a741       0x57 Src/syscalls.o
 .debug_macro   0x000000000002a798      0x174 Src/syscalls.o
 .debug_macro   0x000000000002a90c      0x330 Src/syscalls.o
 .debug_macro   0x000000000002ac3c       0x43 Src/syscalls.o
 .debug_macro   0x000000000002ac7f       0x10 Src/syscalls.o
 .debug_macro   0x000000000002ac8f       0x35 Src/syscalls.o
 .debug_macro   0x000000000002acc4       0x10 Src/syscalls.o
 .debug_macro   0x000000000002acd4       0x10 Src/syscalls.o
 .debug_macro   0x000000000002ace4       0x35 Src/syscalls.o
 .debug_macro   0x000000000002ad19      0x122 Src/syscalls.o
 .debug_macro   0x000000000002ae3b       0x16 Src/syscalls.o
 .debug_macro   0x000000000002ae51       0x16 Src/syscalls.o
 .debug_macro   0x000000000002ae67       0x29 Src/syscalls.o
 .debug_macro   0x000000000002ae90       0x10 Src/syscalls.o
 .debug_macro   0x000000000002aea0      0x241 Src/syscalls.o
 .debug_macro   0x000000000002b0e1       0x1c Src/syscalls.o
 .debug_macro   0x000000000002b0fd       0x10 Src/syscalls.o
 .debug_macro   0x000000000002b10d      0x145 Src/syscalls.o
 .debug_macro   0x000000000002b252      0x189 Src/syscalls.o
 .debug_macro   0x000000000002b3db       0x16 Src/syscalls.o
 .debug_macro   0x000000000002b3f1       0x88 Src/syscalls.o
 .debug_macro   0x000000000002b479       0xc6 Src/sysclk.o
 .debug_macro   0x000000000002b53f       0xee Src/sysmem.o
 .debug_macro   0x000000000002b62d      0x23b Src/sysmem.o
 .debug_macro   0x000000000002b868      0x118 Src/drivers/ili9341.o
 .debug_macro   0x000000000002b980      0x114 Src/drivers/nrf24l01.o
 .debug_macro   0x000000000002ba94      0x252 Src/hardware/rng.o
 .debug_macro   0x000000000002bce6      0x107 Src/hardware/rs232.o
 .debug_macro   0x000000000002bded      0x252 Src/hardware/rtc.o
 .debug_macro   0x000000000002c03f       0xfd Src/hardware/spi.o

.debug_line     0x0000000000000000     0x519f
 .debug_line    0x0000000000000000      0x531 Src/bitmaps.o
 .debug_line    0x0000000000000531      0x62b Src/delay.o
 .debug_line    0x0000000000000b5c      0x943 Src/main.o
 .debug_line    0x000000000000149f      0x70c Src/syscalls.o
 .debug_line    0x0000000000001bab      0x415 Src/sysclk.o
 .debug_line    0x0000000000001fc0      0x495 Src/sysmem.o
 .debug_line    0x0000000000002455      0x823 Src/drivers/ili9341.o
 .debug_line    0x0000000000002c78      0x742 Src/drivers/nrf24l01.o
 .debug_line    0x00000000000033ba      0x7f2 Src/hardware/rng.o
 .debug_line    0x0000000000003bac      0x66a Src/hardware/rs232.o
 .debug_line    0x0000000000004216      0x88b Src/hardware/rtc.o
 .debug_line    0x0000000000004aa1      0x67a Src/hardware/spi.o
 .debug_line    0x000000000000511b       0x84 Startup/startup_stm32h750vbtx.o

.debug_str      0x0000000000000000    0xf07db
 .debug_str     0x0000000000000000     0x5724 Src/bitmaps.o
                                       0x59a1 (size before relaxing)
 .debug_str     0x0000000000005724    0xe23e6 Src/delay.o
                                      0xe7e1b (size before relaxing)
 .debug_str     0x00000000000e7b0a     0x6763 Src/main.o
                                      0xee62c (size before relaxing)
 .debug_str     0x00000000000ee26d     0x1491 Src/syscalls.o
                                       0x88ad (size before relaxing)
 .debug_str     0x00000000000ef6fe      0x184 Src/sysclk.o
                                      0xe6828 (size before relaxing)
 .debug_str     0x00000000000ef882       0x66 Src/sysmem.o
                                       0x5f7b (size before relaxing)
 .debug_str     0x00000000000ef8e8       0xbd Src/drivers/ili9341.o
                                      0xe8c34 (size before relaxing)
 .debug_str     0x00000000000ef9a5       0x96 Src/drivers/nrf24l01.o
                                      0xe90bb (size before relaxing)
 .debug_str     0x00000000000efa3b       0x9e Src/hardware/rng.o
                                      0xec484 (size before relaxing)
 .debug_str     0x00000000000efad9      0x8ba Src/hardware/rs232.o
                                      0xe86e7 (size before relaxing)
 .debug_str     0x00000000000f0393      0x3dd Src/hardware/rtc.o
                                      0xec5df (size before relaxing)
 .debug_str     0x00000000000f0770       0x3a Src/hardware/spi.o
                                      0xe7edd (size before relaxing)
 .debug_str     0x00000000000f07aa       0x31 Startup/startup_stm32h750vbtx.o
                                         0x56 (size before relaxing)

.comment        0x0000000000000000       0x7b
 .comment       0x0000000000000000       0x7b Src/bitmaps.o
                                         0x7c (size before relaxing)
 .comment       0x000000000000007b       0x7c Src/delay.o
 .comment       0x000000000000007b       0x7c Src/main.o
 .comment       0x000000000000007b       0x7c Src/syscalls.o
 .comment       0x000000000000007b       0x7c Src/sysclk.o
 .comment       0x000000000000007b       0x7c Src/sysmem.o
 .comment       0x000000000000007b       0x7c Src/drivers/ili9341.o
 .comment       0x000000000000007b       0x7c Src/drivers/nrf24l01.o
 .comment       0x000000000000007b       0x7c Src/hardware/rng.o
 .comment       0x000000000000007b       0x7c Src/hardware/rs232.o
 .comment       0x000000000000007b       0x7c Src/hardware/rtc.o
 .comment       0x000000000000007b       0x7c Src/hardware/spi.o

.debug_ranges   0x0000000000000000      0x2e0
 .debug_ranges  0x0000000000000000       0x28 Src/delay.o
 .debug_ranges  0x0000000000000028       0x30 Src/main.o
 .debug_ranges  0x0000000000000058       0x98 Src/syscalls.o
 .debug_ranges  0x00000000000000f0       0x10 Src/sysclk.o
 .debug_ranges  0x0000000000000100       0x10 Src/sysmem.o
 .debug_ranges  0x0000000000000110       0x88 Src/drivers/ili9341.o
 .debug_ranges  0x0000000000000198       0x50 Src/drivers/nrf24l01.o
 .debug_ranges  0x00000000000001e8       0x18 Src/hardware/rng.o
 .debug_ranges  0x0000000000000200       0x30 Src/hardware/rs232.o
 .debug_ranges  0x0000000000000230       0x50 Src/hardware/rtc.o
 .debug_ranges  0x0000000000000280       0x40 Src/hardware/spi.o
 .debug_ranges  0x00000000000002c0       0x20 Startup/startup_stm32h750vbtx.o

.debug_frame    0x0000000000000000     0x119c
 .debug_frame   0x0000000000000000       0xa0 Src/delay.o
 .debug_frame   0x00000000000000a0       0xa8 Src/main.o
 .debug_frame   0x0000000000000148      0x2ac Src/syscalls.o
 .debug_frame   0x00000000000003f4       0x30 Src/sysclk.o
 .debug_frame   0x0000000000000424       0x34 Src/sysmem.o
 .debug_frame   0x0000000000000458      0x258 Src/drivers/ili9341.o
 .debug_frame   0x00000000000006b0      0x158 Src/drivers/nrf24l01.o
 .debug_frame   0x0000000000000808       0x54 Src/hardware/rng.o
 .debug_frame   0x000000000000085c       0xc8 Src/hardware/rs232.o
 .debug_frame   0x0000000000000924      0x160 Src/hardware/rtc.o
 .debug_frame   0x0000000000000a84      0x128 Src/hardware/spi.o
 .debug_frame   0x0000000000000bac       0x20 /opt/st/stm32cubeide_1.4.0/plugins/com.st.stm32cube.ide.mcu.externaltools.gnu-tools-for-stm32.7-2018-q2-update.linux64_1.4.0.202007081208/tools/bin/../lib/gcc/arm-none-eabi/7.3.1/../../../../arm-none-eabi/lib/thumb/v7e-m/fpv5/hard/libc_nano.a(lib_a-errno.o)
 .debug_frame   0x0000000000000bcc       0x2c /opt/st/stm32cubeide_1.4.0/plugins/com.st.stm32cube.ide.mcu.externaltools.gnu-tools-for-stm32.7-2018-q2-update.linux64_1.4.0.202007081208/tools/bin/../lib/gcc/arm-none-eabi/7.3.1/../../../../arm-none-eabi/lib/thumb/v7e-m/fpv5/hard/libc_nano.a(lib_a-init.o)
 .debug_frame   0x0000000000000bf8       0x20 /opt/st/stm32cubeide_1.4.0/plugins/com.st.stm32cube.ide.mcu.externaltools.gnu-tools-for-stm32.7-2018-q2-update.linux64_1.4.0.202007081208/tools/bin/../lib/gcc/arm-none-eabi/7.3.1/../../../../arm-none-eabi/lib/thumb/v7e-m/fpv5/hard/libc_nano.a(lib_a-memset.o)
 .debug_frame   0x0000000000000c18       0x3c /opt/st/stm32cubeide_1.4.0/plugins/com.st.stm32cube.ide.mcu.externaltools.gnu-tools-for-stm32.7-2018-q2-update.linux64_1.4.0.202007081208/tools/bin/../lib/gcc/arm-none-eabi/7.3.1/../../../../arm-none-eabi/lib/thumb/v7e-m/fpv5/hard/libc_nano.a(lib_a-puts.o)
 .debug_frame   0x0000000000000c54       0x40 /opt/st/stm32cubeide_1.4.0/plugins/com.st.stm32cube.ide.mcu.externaltools.gnu-tools-for-stm32.7-2018-q2-update.linux64_1.4.0.202007081208/tools/bin/../lib/gcc/arm-none-eabi/7.3.1/../../../../arm-none-eabi/lib/thumb/v7e-m/fpv5/hard/libc_nano.a(lib_a-wbuf.o)
 .debug_frame   0x0000000000000c94       0x2c /opt/st/stm32cubeide_1.4.0/plugins/com.st.stm32cube.ide.mcu.externaltools.gnu-tools-for-stm32.7-2018-q2-update.linux64_1.4.0.202007081208/tools/bin/../lib/gcc/arm-none-eabi/7.3.1/../../../../arm-none-eabi/lib/thumb/v7e-m/fpv5/hard/libc_nano.a(lib_a-wsetup.o)
 .debug_frame   0x0000000000000cc0       0x68 /opt/st/stm32cubeide_1.4.0/plugins/com.st.stm32cube.ide.mcu.externaltools.gnu-tools-for-stm32.7-2018-q2-update.linux64_1.4.0.202007081208/tools/bin/../lib/gcc/arm-none-eabi/7.3.1/../../../../arm-none-eabi/lib/thumb/v7e-m/fpv5/hard/libc_nano.a(lib_a-fflush.o)
 .debug_frame   0x0000000000000d28      0x11c /opt/st/stm32cubeide_1.4.0/plugins/com.st.stm32cube.ide.mcu.externaltools.gnu-tools-for-stm32.7-2018-q2-update.linux64_1.4.0.202007081208/tools/bin/../lib/gcc/arm-none-eabi/7.3.1/../../../../arm-none-eabi/lib/thumb/v7e-m/fpv5/hard/libc_nano.a(lib_a-findfp.o)
 .debug_frame   0x0000000000000e44       0x54 /opt/st/stm32cubeide_1.4.0/plugins/com.st.stm32cube.ide.mcu.externaltools.gnu-tools-for-stm32.7-2018-q2-update.linux64_1.4.0.202007081208/tools/bin/../lib/gcc/arm-none-eabi/7.3.1/../../../../arm-none-eabi/lib/thumb/v7e-m/fpv5/hard/libc_nano.a(lib_a-fwalk.o)
 .debug_frame   0x0000000000000e98       0x58 /opt/st/stm32cubeide_1.4.0/plugins/com.st.stm32cube.ide.mcu.externaltools.gnu-tools-for-stm32.7-2018-q2-update.linux64_1.4.0.202007081208/tools/bin/../lib/gcc/arm-none-eabi/7.3.1/../../../../arm-none-eabi/lib/thumb/v7e-m/fpv5/hard/libc_nano.a(lib_a-makebuf.o)
 .debug_frame   0x0000000000000ef0       0x38 /opt/st/stm32cubeide_1.4.0/plugins/com.st.stm32cube.ide.mcu.externaltools.gnu-tools-for-stm32.7-2018-q2-update.linux64_1.4.0.202007081208/tools/bin/../lib/gcc/arm-none-eabi/7.3.1/../../../../arm-none-eabi/lib/thumb/v7e-m/fpv5/hard/libc_nano.a(lib_a-nano-freer.o)
 .debug_frame   0x0000000000000f28       0x2c /opt/st/stm32cubeide_1.4.0/plugins/com.st.stm32cube.ide.mcu.externaltools.gnu-tools-for-stm32.7-2018-q2-update.linux64_1.4.0.202007081208/tools/bin/../lib/gcc/arm-none-eabi/7.3.1/../../../../arm-none-eabi/lib/thumb/v7e-m/fpv5/hard/libc_nano.a(lib_a-nano-mallocr.o)
 .debug_frame   0x0000000000000f54       0x2c /opt/st/stm32cubeide_1.4.0/plugins/com.st.stm32cube.ide.mcu.externaltools.gnu-tools-for-stm32.7-2018-q2-update.linux64_1.4.0.202007081208/tools/bin/../lib/gcc/arm-none-eabi/7.3.1/../../../../arm-none-eabi/lib/thumb/v7e-m/fpv5/hard/libc_nano.a(lib_a-sbrkr.o)
 .debug_frame   0x0000000000000f80       0x88 /opt/st/stm32cubeide_1.4.0/plugins/com.st.stm32cube.ide.mcu.externaltools.gnu-tools-for-stm32.7-2018-q2-update.linux64_1.4.0.202007081208/tools/bin/../lib/gcc/arm-none-eabi/7.3.1/../../../../arm-none-eabi/lib/thumb/v7e-m/fpv5/hard/libc_nano.a(lib_a-stdio.o)
 .debug_frame   0x0000000000001008       0x2c /opt/st/stm32cubeide_1.4.0/plugins/com.st.stm32cube.ide.mcu.externaltools.gnu-tools-for-stm32.7-2018-q2-update.linux64_1.4.0.202007081208/tools/bin/../lib/gcc/arm-none-eabi/7.3.1/../../../../arm-none-eabi/lib/thumb/v7e-m/fpv5/hard/libc_nano.a(lib_a-writer.o)
 .debug_frame   0x0000000000001034       0x2c /opt/st/stm32cubeide_1.4.0/plugins/com.st.stm32cube.ide.mcu.externaltools.gnu-tools-for-stm32.7-2018-q2-update.linux64_1.4.0.202007081208/tools/bin/../lib/gcc/arm-none-eabi/7.3.1/../../../../arm-none-eabi/lib/thumb/v7e-m/fpv5/hard/libc_nano.a(lib_a-closer.o)
 .debug_frame   0x0000000000001060       0x2c /opt/st/stm32cubeide_1.4.0/plugins/com.st.stm32cube.ide.mcu.externaltools.gnu-tools-for-stm32.7-2018-q2-update.linux64_1.4.0.202007081208/tools/bin/../lib/gcc/arm-none-eabi/7.3.1/../../../../arm-none-eabi/lib/thumb/v7e-m/fpv5/hard/libc_nano.a(lib_a-fstatr.o)
 .debug_frame   0x000000000000108c       0x2c /opt/st/stm32cubeide_1.4.0/plugins/com.st.stm32cube.ide.mcu.externaltools.gnu-tools-for-stm32.7-2018-q2-update.linux64_1.4.0.202007081208/tools/bin/../lib/gcc/arm-none-eabi/7.3.1/../../../../arm-none-eabi/lib/thumb/v7e-m/fpv5/hard/libc_nano.a(lib_a-isattyr.o)
 .debug_frame   0x00000000000010b8       0x2c /opt/st/stm32cubeide_1.4.0/plugins/com.st.stm32cube.ide.mcu.externaltools.gnu-tools-for-stm32.7-2018-q2-update.linux64_1.4.0.202007081208/tools/bin/../lib/gcc/arm-none-eabi/7.3.1/../../../../arm-none-eabi/lib/thumb/v7e-m/fpv5/hard/libc_nano.a(lib_a-lseekr.o)
 .debug_frame   0x00000000000010e4       0x30 /opt/st/stm32cubeide_1.4.0/plugins/com.st.stm32cube.ide.mcu.externaltools.gnu-tools-for-stm32.7-2018-q2-update.linux64_1.4.0.202007081208/tools/bin/../lib/gcc/arm-none-eabi/7.3.1/../../../../arm-none-eabi/lib/thumb/v7e-m/fpv5/hard/libc_nano.a(lib_a-mlock.o)
 .debug_frame   0x0000000000001114       0x2c /opt/st/stm32cubeide_1.4.0/plugins/com.st.stm32cube.ide.mcu.externaltools.gnu-tools-for-stm32.7-2018-q2-update.linux64_1.4.0.202007081208/tools/bin/../lib/gcc/arm-none-eabi/7.3.1/../../../../arm-none-eabi/lib/thumb/v7e-m/fpv5/hard/libc_nano.a(lib_a-readr.o)
 .debug_frame   0x0000000000001140       0x5c /opt/st/stm32cubeide_1.4.0/plugins/com.st.stm32cube.ide.mcu.externaltools.gnu-tools-for-stm32.7-2018-q2-update.linux64_1.4.0.202007081208/tools/bin/../lib/gcc/arm-none-eabi/7.3.1/../../../../arm-none-eabi/lib/thumb/v7e-m/fpv5/hard/libc_nano.a(lib_a-reent.o)
