Archive member included to satisfy reference by file (symbol)

/opt/st/stm32cubeide_1.4.0/plugins/com.st.stm32cube.ide.mcu.externaltools.gnu-tools-for-stm32.7-2018-q2-update.linux64_1.4.0.202007081208/tools/bin/../lib/gcc/arm-none-eabi/7.3.1/../../../../arm-none-eabi/lib/thumb/v7e-m/fpv5/hard/libc_nano.a(lib_a-errno.o)
                              Src/syscalls.o (__errno)
/opt/st/stm32cubeide_1.4.0/plugins/com.st.stm32cube.ide.mcu.externaltools.gnu-tools-for-stm32.7-2018-q2-update.linux64_1.4.0.202007081208/tools/bin/../lib/gcc/arm-none-eabi/7.3.1/../../../../arm-none-eabi/lib/thumb/v7e-m/fpv5/hard/libc_nano.a(lib_a-exit.o)
                              /opt/st/stm32cubeide_1.4.0/plugins/com.st.stm32cube.ide.mcu.externaltools.gnu-tools-for-stm32.7-2018-q2-update.linux64_1.4.0.202007081208/tools/bin/../lib/gcc/arm-none-eabi/7.3.1/../../../../arm-none-eabi/lib/thumb/v7e-m/fpv5/hard/crt0.o (exit)
/opt/st/stm32cubeide_1.4.0/plugins/com.st.stm32cube.ide.mcu.externaltools.gnu-tools-for-stm32.7-2018-q2-update.linux64_1.4.0.202007081208/tools/bin/../lib/gcc/arm-none-eabi/7.3.1/../../../../arm-none-eabi/lib/thumb/v7e-m/fpv5/hard/libc_nano.a(lib_a-impure.o)
                              /opt/st/stm32cubeide_1.4.0/plugins/com.st.stm32cube.ide.mcu.externaltools.gnu-tools-for-stm32.7-2018-q2-update.linux64_1.4.0.202007081208/tools/bin/../lib/gcc/arm-none-eabi/7.3.1/../../../../arm-none-eabi/lib/thumb/v7e-m/fpv5/hard/libc_nano.a(lib_a-exit.o) (_global_impure_ptr)
/opt/st/stm32cubeide_1.4.0/plugins/com.st.stm32cube.ide.mcu.externaltools.gnu-tools-for-stm32.7-2018-q2-update.linux64_1.4.0.202007081208/tools/bin/../lib/gcc/arm-none-eabi/7.3.1/../../../../arm-none-eabi/lib/thumb/v7e-m/fpv5/hard/libc_nano.a(lib_a-init.o)
                              /opt/st/stm32cubeide_1.4.0/plugins/com.st.stm32cube.ide.mcu.externaltools.gnu-tools-for-stm32.7-2018-q2-update.linux64_1.4.0.202007081208/tools/bin/../lib/gcc/arm-none-eabi/7.3.1/../../../../arm-none-eabi/lib/thumb/v7e-m/fpv5/hard/crt0.o (__libc_init_array)
/opt/st/stm32cubeide_1.4.0/plugins/com.st.stm32cube.ide.mcu.externaltools.gnu-tools-for-stm32.7-2018-q2-update.linux64_1.4.0.202007081208/tools/bin/../lib/gcc/arm-none-eabi/7.3.1/../../../../arm-none-eabi/lib/thumb/v7e-m/fpv5/hard/libc_nano.a(lib_a-memset.o)
                              /opt/st/stm32cubeide_1.4.0/plugins/com.st.stm32cube.ide.mcu.externaltools.gnu-tools-for-stm32.7-2018-q2-update.linux64_1.4.0.202007081208/tools/bin/../lib/gcc/arm-none-eabi/7.3.1/../../../../arm-none-eabi/lib/thumb/v7e-m/fpv5/hard/crt0.o (memset)
/opt/st/stm32cubeide_1.4.0/plugins/com.st.stm32cube.ide.mcu.externaltools.gnu-tools-for-stm32.7-2018-q2-update.linux64_1.4.0.202007081208/tools/bin/../lib/gcc/arm-none-eabi/7.3.1/../../../../arm-none-eabi/lib/thumb/v7e-m/fpv5/hard/libc_nano.a(lib_a-puts.o)
                              Src/main.o (puts)
/opt/st/stm32cubeide_1.4.0/plugins/com.st.stm32cube.ide.mcu.externaltools.gnu-tools-for-stm32.7-2018-q2-update.linux64_1.4.0.202007081208/tools/bin/../lib/gcc/arm-none-eabi/7.3.1/../../../../arm-none-eabi/lib/thumb/v7e-m/fpv5/hard/libc_nano.a(lib_a-sprintf.o)
                              Src/hardware/rtc.o (sprintf)
/opt/st/stm32cubeide_1.4.0/plugins/com.st.stm32cube.ide.mcu.externaltools.gnu-tools-for-stm32.7-2018-q2-update.linux64_1.4.0.202007081208/tools/bin/../lib/gcc/arm-none-eabi/7.3.1/../../../../arm-none-eabi/lib/thumb/v7e-m/fpv5/hard/libc_nano.a(lib_a-wbuf.o)
                              /opt/st/stm32cubeide_1.4.0/plugins/com.st.stm32cube.ide.mcu.externaltools.gnu-tools-for-stm32.7-2018-q2-update.linux64_1.4.0.202007081208/tools/bin/../lib/gcc/arm-none-eabi/7.3.1/../../../../arm-none-eabi/lib/thumb/v7e-m/fpv5/hard/libc_nano.a(lib_a-puts.o) (__swbuf_r)
/opt/st/stm32cubeide_1.4.0/plugins/com.st.stm32cube.ide.mcu.externaltools.gnu-tools-for-stm32.7-2018-q2-update.linux64_1.4.0.202007081208/tools/bin/../lib/gcc/arm-none-eabi/7.3.1/../../../../arm-none-eabi/lib/thumb/v7e-m/fpv5/hard/libc_nano.a(lib_a-wsetup.o)
                              /opt/st/stm32cubeide_1.4.0/plugins/com.st.stm32cube.ide.mcu.externaltools.gnu-tools-for-stm32.7-2018-q2-update.linux64_1.4.0.202007081208/tools/bin/../lib/gcc/arm-none-eabi/7.3.1/../../../../arm-none-eabi/lib/thumb/v7e-m/fpv5/hard/libc_nano.a(lib_a-puts.o) (__swsetup_r)
/opt/st/stm32cubeide_1.4.0/plugins/com.st.stm32cube.ide.mcu.externaltools.gnu-tools-for-stm32.7-2018-q2-update.linux64_1.4.0.202007081208/tools/bin/../lib/gcc/arm-none-eabi/7.3.1/../../../../arm-none-eabi/lib/thumb/v7e-m/fpv5/hard/libc_nano.a(lib_a-fflush.o)
                              /opt/st/stm32cubeide_1.4.0/plugins/com.st.stm32cube.ide.mcu.externaltools.gnu-tools-for-stm32.7-2018-q2-update.linux64_1.4.0.202007081208/tools/bin/../lib/gcc/arm-none-eabi/7.3.1/../../../../arm-none-eabi/lib/thumb/v7e-m/fpv5/hard/libc_nano.a(lib_a-wbuf.o) (_fflush_r)
[...]
Memory Configuration

Name             Origin             Length             Attributes
RAM              0x0000000024000000 0x0000000000080000 xrw
ROM              0x0000000008000000 0x0000000000020000 xr
*default*        0x0000000000000000 0xffffffffffffffff

Linker script and memory map

LOAD /opt/st/stm32cubeide_1.4.0/plugins/com.st.stm32cube.ide.mcu.externaltools.gnu-tools-for-stm32.7-2018-q2-update.linux64_1.4.0.202007081208/tools/bin/../lib/gcc/arm-none-eabi/7.3.1/thumb/v7e-m/fpv5/hard/crti.o
LOAD /opt/st/stm32cubeide_1.4.0/plugins/com.st.stm32cube.ide.mcu.externaltools.gnu-tools-for-stm32.7-2018-q2-update.linux64_1.4.0.202007081208/tools/bin/../lib/gcc/arm-none-eabi/7.3.1/thumb/v7e-m/fpv5/hard/crtbegin.o
LOAD /opt/st/stm32cubeide_1.4.0/plugins/com.st.stm32cube.ide.mcu.externaltools.gnu-tools-for-stm32.7-2018-q2-update.linux64_1.4.0.202007081208/tools/bin/../lib/gcc/arm-none-eabi/7.3.1/../../../../arm-none-eabi/lib/thumb/v7e-m/fpv5/hard/crt0.o
LOAD Src/bitmaps.o
LOAD Src/delay.o
LOAD Src/fifo.o
LOAD Src/main.o
LOAD Src/syscalls.o
LOAD Src/sysclk.o
LOAD Src/sysmem.o
LOAD Src/drivers/ili9341.o
LOAD Src/drivers/ir.o
LOAD Src/drivers/nrf24l01.o
LOAD Src/hardware/rng.o
LOAD Src/hardware/rs232.o
LOAD Src/hardware/rtc.o
LOAD Src/hardware/spi.o
LOAD Startup/startup_stm32h750vbtx.o
START GROUP
LOAD /opt/st/stm32cubeide_1.4.0/plugins/com.st.stm32cube.ide.mcu.externaltools.gnu-tools-for-stm32.7-2018-q2-update.linux64_1.4.0.202007081208/tools/bin/../lib/gcc/arm-none-eabi/7.3.1/../../../../arm-none-eabi/lib/thumb/v7e-m/fpv5/hard/libstdc++_nano.a
LOAD /opt/st/stm32cubeide_1.4.0/plugins/com.st.stm32cube.ide.mcu.externaltools.gnu-tools-for-stm32.7-2018-q2-update.linux64_1.4.0.202007081208/tools/bin/../lib/gcc/arm-none-eabi/7.3.1/../../../../arm-none-eabi/lib/thumb/v7e-m/fpv5/hard/libsupc++_nano.a
END GROUP
LOAD /opt/st/stm32cubeide_1.4.0/plugins/com.st.stm32cube.ide.mcu.externaltools.gnu-tools-for-stm32.7-2018-q2-update.linux64_1.4.0.202007081208/tools/bin/../lib/gcc/arm-none-eabi/7.3.1/../../../../arm-none-eabi/lib/thumb/v7e-m/fpv5/hard/libstdc++_nano.a
LOAD /opt/st/stm32cubeide_1.4.0/plugins/com.st.stm32cube.ide.mcu.externaltools.gnu-tools-for-stm32.7-2018-q2-update.linux64_1.4.0.202007081208/tools/bin/../lib/gcc/arm-none-eabi/7.3.1/../../../../arm-none-eabi/lib/thumb/v7e-m/fpv5/hard/libm.a
LOAD /opt/st/stm32cubeide_1.4.0/plugins/com.st.stm32cube.ide.mcu.externaltools.gnu-tools-for-stm32.7-2018-q2-update.linux64_1.4.0.202007081208/tools/bin/../lib/gcc/arm-none-eabi/7.3.1/../../../../arm-none-eabi/lib/thumb/v7e-m/fpv5/hard/libc_nano.a
START GROUP
LOAD /opt/st/stm32cubeide_1.4.0/plugins/com.st.stm32cube.ide.mcu.externaltools.gnu-tools-for-stm32.7-2018-q2-update.linux64_1.4.0.202007081208/tools/bin/../lib/gcc/arm-none-eabi/7.3.1/thumb/v7e-m/fpv5/hard/libgcc.a
LOAD /opt/st/stm32cubeide_1.4.0/plugins/com.st.stm32cube.ide.mcu.externaltools.gnu-tools-for-stm32.7-2018-q2-update.linux64_1.4.0.202007081208/tools/bin/../lib/gcc/arm-none-eabi/7.3.1/../../../../arm-none-eabi/lib/thumb/v7e-m/fpv5/hard/libc_nano.a
END GROUP
START GROUP
LOAD /opt/st/stm32cubeide_1.4.0/plugins/com.st.stm32cube.ide.mcu.externaltools.gnu-tools-for-stm32.7-2018-q2-update.linux64_1.4.0.202007081208/tools/bin/../lib/gcc/arm-none-eabi/7.3.1/thumb/v7e-m/fpv5/hard/libgcc.a
LOAD /opt/st/stm32cubeide_1.4.0/plugins/com.st.stm32cube.ide.mcu.externaltools.gnu-tools-for-stm32.7-2018-q2-update.linux64_1.4.0.202007081208/tools/bin/../lib/gcc/arm-none-eabi/7.3.1/../../../../arm-none-eabi/lib/thumb/v7e-m/fpv5/hard/libc_nano.a
LOAD /opt/st/stm32cubeide_1.4.0/plugins/com.st.stm32cube.ide.mcu.externaltools.gnu-tools-for-stm32.7-2018-q2-update.linux64_1.4.0.202007081208/tools/bin/../lib/gcc/arm-none-eabi/7.3.1/../../../../arm-none-eabi/lib/thumb/v7e-m/fpv5/hard/libnosys.a
END GROUP
START GROUP
LOAD /opt/st/stm32cubeide_1.4.0/plugins/com.st.stm32cube.ide.mcu.externaltools.gnu-tools-for-stm32.7-2018-q2-update.linux64_1.4.0.202007081208/tools/bin/../lib/gcc/arm-none-eabi/7.3.1/thumb/v7e-m/fpv5/hard/libgcc.a
LOAD /opt/st/stm32cubeide_1.4.0/plugins/com.st.stm32cube.ide.mcu.externaltools.gnu-tools-for-stm32.7-2018-q2-update.linux64_1.4.0.202007081208/tools/bin/../lib/gcc/arm-none-eabi/7.3.1/../../../../arm-none-eabi/lib/thumb/v7e-m/fpv5/hard/libc_nano.a
LOAD /opt/st/stm32cubeide_1.4.0/plugins/com.st.stm32cube.ide.mcu.externaltools.gnu-tools-for-stm32.7-2018-q2-update.linux64_1.4.0.202007081208/tools/bin/../lib/gcc/arm-none-eabi/7.3.1/../../../../arm-none-eabi/lib/thumb/v7e-m/fpv5/hard/libnosys.a
END GROUP
LOAD /opt/st/stm32cubeide_1.4.0/plugins/com.st.stm32cube.ide.mcu.externaltools.gnu-tools-for-stm32.7-2018-q2-update.linux64_1.4.0.202007081208/tools/bin/../lib/gcc/arm-none-eabi/7.3.1/thumb/v7e-m/fpv5/hard/crtend.o
LOAD /opt/st/stm32cubeide_1.4.0/plugins/com.st.stm32cube.ide.mcu.externaltools.gnu-tools-for-stm32.7-2018-q2-update.linux64_1.4.0.202007081208/tools/bin/../lib/gcc/arm-none-eabi/7.3.1/thumb/v7e-m/fpv5/hard/crtn.o
                0x0000000024080000                _estack = (ORIGIN (RAM) + LENGTH (RAM))
                0x0000000000000200                _Min_Heap_Size = 0x200
                0x0000000000000400                _Min_Stack_Size = 0x400

.isr_vector     0x0000000008000000      0x298
                0x0000000008000000                . = ALIGN (0x4)
 *(.isr_vector)
 .isr_vector    0x0000000008000000      0x298 Startup/startup_stm32h750vbtx.o
                0x0000000008000000                g_pfnVectors
                0x0000000008000298                . = ALIGN (0x4)

.text           0x0000000008000298     0x1584
                0x0000000008000298                . = ALIGN (0x4)
 *(.text)
 .text          0x0000000008000298       0x40 /opt/st/stm32cubeide_1.4.0/plugins/com.st.stm32cube.ide.mcu.externaltools.gnu-tools-for-stm32.7-2018-q2-update.linux64_1.4.0.202007081208/tools/bin/../lib/gcc/arm-none-eabi/7.3.1/thumb/v7e-m/fpv5/hard/crtbegin.o
 *(.text*)
 .text._ZN5Delay4initEv
                0x00000000080002d8        0xe Src/delay.o
                0x00000000080002d8                Delay::init()
 .text._ZN5Delay2usEm
                0x00000000080002e6       0x1c Src/delay.o
                0x00000000080002e6                Delay::us(unsigned long)
 .text._ZN5Delay2msEm
                0x0000000008000302       0x1a Src/delay.o
                0x0000000008000302                Delay::ms(unsigned long)
 .text._Z5setupv
                0x000000000800031c       0x80 Src/main.o
                0x000000000800031c                setup()
 .text._Z8lcd_initv
                0x000000000800039c       0xa4 Src/main.o
                0x000000000800039c                lcd_init()
 .text.startup.main
                0x0000000008000440      0x190 Src/main.o
                0x0000000008000440                main
 .text.startup._GLOBAL__sub_I__Z5setupv
                0x00000000080005d0       0x64 Src/main.o
 .text._read    0x0000000008000634       0x1c Src/syscalls.o
                0x0000000008000634                _read
 .text._write   0x0000000008000650       0x1c Src/syscalls.o
                0x0000000008000650                _write
 .text._close   0x000000000800066c        0x6 Src/syscalls.o
                0x000000000800066c                _close
 .text._fstat   0x0000000008000672        0xa Src/syscalls.o
                0x0000000008000672                _fstat
 .text._isatty  0x000000000800067c        0x4 Src/syscalls.o
                0x000000000800067c                _isatty
 .text._lseek   0x0000000008000680        0x4 Src/syscalls.o
                0x0000000008000680                _lseek
 .text._Z11sysclk_initv
                0x0000000008000684      0x10c Src/sysclk.o
                0x0000000008000684                sysclk_init()
 .text._sbrk    0x0000000008000790       0x40 Src/sysmem.o
                0x0000000008000790                _sbrk
 .text._ZN7Drivers7ILI9341C2ERN8Hardware3SPIEPV12GPIO_TypeDefhh
                0x00000000080007d0       0x10 Src/drivers/ili9341.o
                0x00000000080007d0                Drivers::ILI9341::ILI9341(Hardware::SPI&, GPIO_TypeDef volatile*, unsigned char, unsigned char)
                0x00000000080007d0                Drivers::ILI9341::ILI9341(Hardware::SPI&, GPIO_TypeDef volatile*, unsigned char, unsigned char)
 .text._ZN7Drivers7ILI93417commandEh
                0x00000000080007e0       0x34 Src/drivers/ili9341.o
                0x00000000080007e0                Drivers::ILI9341::command(unsigned char)
 .text._ZN7Drivers7ILI93414dataEh
                0x0000000008000814       0x32 Src/drivers/ili9341.o
                0x0000000008000814                Drivers::ILI9341::data(unsigned char)
 .text._ZN7Drivers7ILI93414dataEtt
                0x0000000008000846       0x4c Src/drivers/ili9341.o
                0x0000000008000846                Drivers::ILI9341::data(unsigned short, unsigned short)
 .text._ZN7Drivers7ILI93414dataEPhh
                0x0000000008000892       0x3e Src/drivers/ili9341.o
                0x0000000008000892                Drivers::ILI9341::data(unsigned char*, unsigned char)
 .text._ZN7Drivers7ILI934113softwareResetEv
                0x00000000080008d0       0x12 Src/drivers/ili9341.o
                0x00000000080008d0                Drivers::ILI9341::softwareReset()
 .text._ZN7Drivers7ILI934113hardwareResetEv
                0x00000000080008e2       0x32 Src/drivers/ili9341.o
                0x00000000080008e2                Drivers::ILI9341::hardwareReset()
 .text._ZN7Drivers7ILI93414initEv
                0x0000000008000914       0xc4 Src/drivers/ili9341.o
                0x0000000008000914                Drivers::ILI9341::init()
 .text._ZN7Drivers7ILI934116setColumnAddressEtt
                0x00000000080009d8       0x1c Src/drivers/ili9341.o
                0x00000000080009d8                Drivers::ILI9341::setColumnAddress(unsigned short, unsigned short)
 .text._ZN7Drivers7ILI934113setRowAddressEtt
                0x00000000080009f4       0x1c Src/drivers/ili9341.o
                0x00000000080009f4                Drivers::ILI9341::setRowAddress(unsigned short, unsigned short)
 .text._ZN7Drivers7ILI934110writePixelERKNS_15ILI9341_Color_tE
                0x0000000008000a10       0x34 Src/drivers/ili9341.o
                0x0000000008000a10                Drivers::ILI9341::writePixel(Drivers::ILI9341_Color_t const&)
 .text._ZN7Drivers7ILI93419drawPixelERKNS_15ILI9341_Color_tEtt
                0x0000000008000a44       0x4c Src/drivers/ili9341.o
                0x0000000008000a44                Drivers::ILI9341::drawPixel(Drivers::ILI9341_Color_t const&, unsigned short, unsigned short)
 .text._ZN7Drivers7ILI934110drawBitmapERKNS_15ILI9341_Color_tEPhtth
                0x0000000008000a90       0x52 Src/drivers/ili9341.o
                0x0000000008000a90                Drivers::ILI9341::drawBitmap(Drivers::ILI9341_Color_t const&, unsigned char*, unsigned short, unsigned short, unsigned char)
 *fill*         0x0000000008000ae2        0x2 
 .text._ZN7Drivers7ILI934110drawNumberERKNS_15ILI9341_Color_tEtth
                0x0000000008000ae4       0x28 Src/drivers/ili9341.o
                0x0000000008000ae4                Drivers::ILI9341::drawNumber(Drivers::ILI9341_Color_t const&, unsigned short, unsigned short, unsigned char)
 .text._ZN7Drivers7ILI934110drawSquareERKNS_15ILI9341_Color_tEtttt
                0x0000000008000b0c       0x70 Src/drivers/ili9341.o
                0x0000000008000b0c                Drivers::ILI9341::drawSquare(Drivers::ILI9341_Color_t const&, unsigned short, unsigned short, unsigned short, unsigned short)
 .text._ZN7Drivers7ILI93415clearERKNS_15ILI9341_Color_tE
                0x0000000008000b7c       0x18 Src/drivers/ili9341.o
                0x0000000008000b7c                Drivers::ILI9341::clear(Drivers::ILI9341_Color_t const&)
 .text.EXTI2_IRQHandler
                0x0000000008000b94        0x2 Src/drivers/ir.o
                0x0000000008000b94                EXTI2_IRQHandler
 .text._ZN7Drivers10NordicSemi8NRF24L01C2ENS0_17NRF24L01_Config_tERN8Hardware3SPIEPV12GPIO_TypeDefh
                0x0000000008000b96       0x22 Src/drivers/nrf24l01.o
                0x0000000008000b96                Drivers::NordicSemi::NRF24L01::NRF24L01(Drivers::NordicSemi::NRF24L01_Config_t, Hardware::SPI&, GPIO_TypeDef volatile*, unsigned char)
                0x0000000008000b96                Drivers::NordicSemi::NRF24L01::NRF24L01(Drivers::NordicSemi::NRF24L01_Config_t, Hardware::SPI&, GPIO_TypeDef volatile*, unsigned char)
 .text._ZN8Hardware21RandomNumberGenerator4initEv
                0x0000000008000bb8       0x1c Src/hardware/rng.o
                0x0000000008000bb8                Hardware::RandomNumberGenerator::init()
 .text._ZN8Hardware5RS2324initEm
                0x0000000008000bd4       0x30 Src/hardware/rs232.o
                0x0000000008000bd4                Hardware::RS232::init(unsigned long)
 .text._ZN8Hardware5RS2325writeEc
                0x0000000008000c04       0x20 Src/hardware/rs232.o
                0x0000000008000c04                Hardware::RS232::write(char)
 .text.__io_putchar
                0x0000000008000c24        0xe Src/hardware/rs232.o
                0x0000000008000c24                __io_putchar
 *fill*         0x0000000008000c32        0x2 
 .text._ZN8Hardware9RTCDriver6unlockEv
                0x0000000008000c34       0x10 Src/hardware/rtc.o
                0x0000000008000c34                Hardware::RTCDriver::unlock()
 .text._ZN8Hardware9RTCDriver7getTimeEv
                0x0000000008000c44       0x58 Src/hardware/rtc.o
                0x0000000008000c44                Hardware::RTCDriver::getTime()
 .text._ZN8Hardware9RTCDriver7setTimeEhhh
                0x0000000008000c9c       0x64 Src/hardware/rtc.o
                0x0000000008000c9c                Hardware::RTCDriver::setTime(unsigned char, unsigned char, unsigned char)
 .text._ZN8Hardware9RTCDriver7setDateEhhhNS_13RTC_WeekDay_tE
                0x0000000008000d00       0x70 Src/hardware/rtc.o
                0x0000000008000d00                Hardware::RTCDriver::setDate(unsigned char, unsigned char, unsigned char, Hardware::RTC_WeekDay_t)
 .text._ZN8Hardware9RTCDriver4initEv
                0x0000000008000d70       0x58 Src/hardware/rtc.o
                0x0000000008000d70                Hardware::RTCDriver::init()
 .text._ZN8Hardware3SPIC2EPV11SPI_TypeDef
                0x0000000008000dc8        0x4 Src/hardware/spi.o
                0x0000000008000dc8                Hardware::SPI::SPI(SPI_TypeDef volatile*)
                0x0000000008000dc8                Hardware::SPI::SPI(SPI_TypeDef volatile*)
 .text._ZN8Hardware3SPI4initEv
                0x0000000008000dcc       0x70 Src/hardware/spi.o
                0x0000000008000dcc                Hardware::SPI::init()
 .text._ZN8Hardware3SPI5startEv
                0x0000000008000e3c       0x14 Src/hardware/spi.o
                0x0000000008000e3c                Hardware::SPI::start()
 .text._ZN8Hardware3SPI4stopEv
                0x0000000008000e50       0x14 Src/hardware/spi.o
                0x0000000008000e50                Hardware::SPI::stop()
 .text._ZN8Hardware3SPI5awaitEv
                0x0000000008000e64        0xa Src/hardware/spi.o
                0x0000000008000e64                Hardware::SPI::await()
 .text._ZN8Hardware3SPI6write8Eh
                0x0000000008000e6e        0xe Src/hardware/spi.o
                0x0000000008000e6e                Hardware::SPI::write8(unsigned char)
 .text.Reset_Handler
                0x0000000008000e7c       0x50 Startup/startup_stm32h750vbtx.o
                0x0000000008000e7c                Reset_Handler
 .text.Default_Handler
                0x0000000008000ecc        0x2 Startup/startup_stm32h750vbtx.o
                0x0000000008000ecc                HASH_RNG_IRQHandler
                0x0000000008000ecc                TIM8_CC_IRQHandler
                0x0000000008000ecc                DMA_STR2_IRQHandler
                0x0000000008000ecc                DebugMon_Handler
                0x0000000008000ecc                UART8_IRQHandler
                0x0000000008000ecc                SPI4_IRQHandler
                0x0000000008000ecc                HRTIM1_MST_IRQHandler
                0x0000000008000ecc                HardFault_Handler
                0x0000000008000ecc                DMA_STR5_IRQHandler
                0x0000000008000ecc                HRTIM1_FLT_IRQHandler
                0x0000000008000ecc                JPEG_IRQHandler
                0x0000000008000ecc                SysTick_Handler
                0x0000000008000ecc                DMA2_STR1_IRQHandler
                0x0000000008000ecc                DMA2_STR5_IRQHandler
                0x0000000008000ecc                HRTIM1_TIMD_IRQHandler
                0x0000000008000ecc                PendSV_Handler
                0x0000000008000ecc                NMI_Handler
                0x0000000008000ecc                EXTI3_IRQHandler
                0x0000000008000ecc                LPTIM4_IRQHandler
                0x0000000008000ecc                TIM8_TRG_COM_TIM14_IRQHandler
                0x0000000008000ecc                LPTIM2_IRQHandler
                0x0000000008000ecc                DFSDM1_FLT1_IRQHandler
                0x0000000008000ecc                DMAMUX2_OVR_IRQHandler
                0x0000000008000ecc                TIM8_UP_TIM13_IRQHandler
                0x0000000008000ecc                I2C3_ER_IRQHandler
                0x0000000008000ecc                DFSDM1_FLT2_IRQHandler
                0x0000000008000ecc                MDMA_IRQHandler
                0x0000000008000ecc                LPTIM3_IRQHandler
                0x0000000008000ecc                EXTI0_IRQHandler
                0x0000000008000ecc                I2C2_EV_IRQHandler
                0x0000000008000ecc                FPU_IRQHandler
                0x0000000008000ecc                DMA_STR1_IRQHandler
                0x0000000008000ecc                OTG_HS_WKUP_IRQHandler
                0x0000000008000ecc                FDCAN1_IT1_IRQHandler
                0x0000000008000ecc                UsageFault_Handler
                0x0000000008000ecc                LTDC_ER_IRQHandler
                0x0000000008000ecc                ADC1_2_IRQHandler
                0x0000000008000ecc                SPI1_IRQHandler
                0x0000000008000ecc                BDMA_CH2_IRQHandler
                0x0000000008000ecc                TIM6_DAC_IRQHandler
                0x0000000008000ecc                DCMI_IRQHandler
                0x0000000008000ecc                HRTIM1_TIMC_IRQHandler
                0x0000000008000ecc                SDMMC_IRQHandler
                0x0000000008000ecc                RTC_ALARM_IRQHandler
                0x0000000008000ecc                DMA_STR0_IRQHandler
                0x0000000008000ecc                SAI2_IRQHandler
                0x0000000008000ecc                DMA2_STR3_IRQHandler
                0x0000000008000ecc                DFSDM1_FLT3_IRQHandler
                0x0000000008000ecc                USART6_IRQHandler
                0x0000000008000ecc                BDMA_CH5_IRQHandler
                0x0000000008000ecc                TIM17_IRQHandler
                0x0000000008000ecc                BDMA_CH6_IRQHandler
                0x0000000008000ecc                USART3_IRQHandler
                0x0000000008000ecc                WKUP_IRQHandler
                0x0000000008000ecc                CRYP_IRQHandler
                0x0000000008000ecc                BDMA_CH3_IRQHandler
                0x0000000008000ecc                LPTIM5_IRQHandler
                0x0000000008000ecc                LPUART_IRQHandler
                0x0000000008000ecc                UART5_IRQHandler
                0x0000000008000ecc                ADC3_IRQHandler
                0x0000000008000ecc                DMA_STR6_IRQHandler
                0x0000000008000ecc                TIM4_IRQHandler
                0x0000000008000ecc                QUADSPI_IRQHandler
                0x0000000008000ecc                I2C1_EV_IRQHandler
                0x0000000008000ecc                DMA1_STR7_IRQHandler
                0x0000000008000ecc                TIM16_IRQHandler
                0x0000000008000ecc                UART4_IRQHandler
                0x0000000008000ecc                TIM3_IRQHandler
                0x0000000008000ecc                RCC_IRQHandler
                0x0000000008000ecc                TIM8_BRK_TIM12_IRQHandler
                0x0000000008000ecc                TIM1_TRG_COM_IRQHandler
                0x0000000008000ecc                Default_Handler
                0x0000000008000ecc                HRTIM_TIMB_IRQHandler
                0x0000000008000ecc                CEC_IRQHandler
                0x0000000008000ecc                EXTI15_10_IRQHandler
                0x0000000008000ecc                BDMA_CH4_IRQHandler
                0x0000000008000ecc                DMA_STR3_IRQHandler
                0x0000000008000ecc                HRTIM_TIME_IRQHandler
                0x0000000008000ecc                HRTIM1_TIMA_IRQHandler
                0x0000000008000ecc                SPI5_IRQHandler
                0x0000000008000ecc                TIM7_IRQHandler
                0x0000000008000ecc                SDMMC1_IRQHandler
                0x0000000008000ecc                TIM5_IRQHandler
                0x0000000008000ecc                SPDIF_IRQHandler
                0x0000000008000ecc                TIM15_IRQHandler
                0x0000000008000ecc                I2C3_EV_IRQHandler
                0x0000000008000ecc                WWDG1_RST_IRQHandler
                0x0000000008000ecc                EXTI9_5_IRQHandler
                0x0000000008000ecc                DMA2_STR4_IRQHandler
                0x0000000008000ecc                RTC_WKUP_IRQHandler
                0x0000000008000ecc                DMA2_STR6_IRQHandler
                0x0000000008000ecc                LTDC_IRQHandler
                0x0000000008000ecc                SAI3_IRQHandler
                0x0000000008000ecc                ETH_WKUP_IRQHandler
                0x0000000008000ecc                PVD_PVM_IRQHandler
                0x0000000008000ecc                SPI2_IRQHandler
                0x0000000008000ecc                OTG_HS_EP1_IN_IRQHandler
                0x0000000008000ecc                MemManage_Handler
                0x0000000008000ecc                DMA2_STR0_IRQHandler
                0x0000000008000ecc                SVC_Handler
                0x0000000008000ecc                CRS_IRQHandler
                0x0000000008000ecc                EXTI4_IRQHandler
                0x0000000008000ecc                DMAMUX1_OV_IRQHandler
                0x0000000008000ecc                FDCAN2_IT1_IRQHandler
                0x0000000008000ecc                DMA_STR4_IRQHandler
                0x0000000008000ecc                COMP_IRQHandler
                0x0000000008000ecc                DMA2_STR2_IRQHandler
                0x0000000008000ecc                ETH_IRQHandler
                0x0000000008000ecc                TIM1_UP_IRQHandler
                0x0000000008000ecc                DMA2_STR7_IRQHandler
                0x0000000008000ecc                OTG_HS_EP1_OUT_IRQHandler
                0x0000000008000ecc                SPI6_IRQHandler
                0x0000000008000ecc                MDIOS_IRQHandler
                0x0000000008000ecc                I2C4_EV_IRQHandler
                0x0000000008000ecc                FDCAN2_IT0_IRQHandler
                0x0000000008000ecc                BDMA_CH7_IRQHandler
                0x0000000008000ecc                FDCAN1_IT0_IRQHandler
                0x0000000008000ecc                TIM2_IRQHandler
                0x0000000008000ecc                HSEM0_IRQHandler
                0x0000000008000ecc                OTG_FS_WKUP_IRQHandler
                0x0000000008000ecc                OTG_HS_IRQHandler
                0x0000000008000ecc                DMA2D_IRQHandler
                0x0000000008000ecc                TIM1_BRK_IRQHandler
                0x0000000008000ecc                EXTI1_IRQHandler
                0x0000000008000ecc                OTG_FS_EP1_OUT_IRQHandler
                0x0000000008000ecc                UART7_IRQHandler
                0x0000000008000ecc                MDIOS_WKUP_IRQHandler
                0x0000000008000ecc                USART2_IRQHandler
                0x0000000008000ecc                DFSDM1_FLT0_IRQHandler
                0x0000000008000ecc                SAI4_IRQHandler
                0x0000000008000ecc                I2C2_ER_IRQHandler
                0x0000000008000ecc                FLASH_IRQHandler
                0x0000000008000ecc                WWDG1_IRQHandler
                0x0000000008000ecc                BusFault_Handler
                0x0000000008000ecc                USART1_IRQHandler
                0x0000000008000ecc                OTG_FS_IRQHandler
                0x0000000008000ecc                SPI3_IRQHandler
                0x0000000008000ecc                OTG_FS_EP1_IN_IRQHandler
                0x0000000008000ecc                I2C1_ER_IRQHandler
                0x0000000008000ecc                FMC_IRQHandler
                0x0000000008000ecc                BDMA_CH1_IRQHandler
                0x0000000008000ecc                SWPMI1_IRQHandler
                0x0000000008000ecc                LPTIM1_IRQHandler
                0x0000000008000ecc                BDMA_CH8_IRQHandler
                0x0000000008000ecc                TIM_CC_IRQHandler
                0x0000000008000ecc                I2C4_ER_IRQHandler
                0x0000000008000ecc                SAI1_IRQHandler
                0x0000000008000ecc                RTC_TAMP_STAMP_CSS_LSE_IRQHandler
 *fill*         0x0000000008000ece        0x2 
 .text.__errno  0x0000000008000ed0        0xc /opt/st/stm32cubeide_1.4.0/plugins/com.st.stm32cube.ide.mcu.externaltools.gnu-tools-for-stm32.7-2018-q2-update.linux64_1.4.0.202007081208/tools/bin/../lib/gcc/arm-none-eabi/7.3.1/../../../../arm-none-eabi/lib/thumb/v7e-m/fpv5/hard/libc_nano.a(lib_a-errno.o)
                0x0000000008000ed0                __errno
 .text.__libc_init_array
                0x0000000008000edc       0x48 /opt/st/stm32cubeide_1.4.0/plugins/com.st.stm32cube.ide.mcu.externaltools.gnu-tools-for-stm32.7-2018-q2-update.linux64_1.4.0.202007081208/tools/bin/../lib/gcc/arm-none-eabi/7.3.1/../../../../arm-none-eabi/lib/thumb/v7e-m/fpv5/hard/libc_nano.a(lib_a-init.o)
                0x0000000008000edc                __libc_init_array
 .text.memset   0x0000000008000f24       0x10 /opt/st/stm32cubeide_1.4.0/plugins/com.st.stm32cube.ide.mcu.externaltools.gnu-tools-for-stm32.7-2018-q2-update.linux64_1.4.0.202007081208/tools/bin/../lib/gcc/arm-none-eabi/7.3.1/../../../../arm-none-eabi/lib/thumb/v7e-m/fpv5/hard/libc_nano.a(lib_a-memset.o)
                0x0000000008000f24                memset
 .text._puts_r  0x0000000008000f34       0xb8 /opt/st/stm32cubeide_1.4.0/plugins/com.st.stm32cube.ide.mcu.externaltools.gnu-tools-for-stm32.7-2018-q2-update.linux64_1.4.0.202007081208/tools/bin/../lib/gcc/arm-none-eabi/7.3.1/../../../../arm-none-eabi/lib/thumb/v7e-m/fpv5/hard/libc_nano.a(lib_a-puts.o)
                0x0000000008000f34                _puts_r
 .text.puts     0x0000000008000fec       0x10 /opt/st/stm32cubeide_1.4.0/plugins/com.st.stm32cube.ide.mcu.externaltools.gnu-tools-for-stm32.7-2018-q2-update.linux64_1.4.0.202007081208/tools/bin/../lib/gcc/arm-none-eabi/7.3.1/../../../../arm-none-eabi/lib/thumb/v7e-m/fpv5/hard/libc_nano.a(lib_a-puts.o)
                0x0000000008000fec                puts
 .text.__swbuf_r
                0x0000000008000ffc       0xa4 /opt/st/stm32cubeide_1.4.0/plugins/com.st.stm32cube.ide.mcu.externaltools.gnu-tools-for-stm32.7-2018-q2-update.linux64_1.4.0.202007081208/tools/bin/../lib/gcc/arm-none-eabi/7.3.1/../../../../arm-none-eabi/lib/thumb/v7e-m/fpv5/hard/libc_nano.a(lib_a-wbuf.o)
                0x0000000008000ffc                __swbuf_r
 .text.__swsetup_r
                0x00000000080010a0       0xdc /opt/st/stm32cubeide_1.4.0/plugins/com.st.stm32cube.ide.mcu.externaltools.gnu-tools-for-stm32.7-2018-q2-update.linux64_1.4.0.202007081208/tools/bin/../lib/gcc/arm-none-eabi/7.3.1/../../../../arm-none-eabi/lib/thumb/v7e-m/fpv5/hard/libc_nano.a(lib_a-wsetup.o)
                0x00000000080010a0                __swsetup_r
 .text.__sflush_r
                0x000000000800117c      0x10c /opt/st/stm32cubeide_1.4.0/plugins/com.st.stm32cube.ide.mcu.externaltools.gnu-tools-for-stm32.7-2018-q2-update.linux64_1.4.0.202007081208/tools/bin/../lib/gcc/arm-none-eabi/7.3.1/../../../../arm-none-eabi/lib/thumb/v7e-m/fpv5/hard/libc_nano.a(lib_a-fflush.o)
                0x000000000800117c                __sflush_r
 .text._fflush_r
                0x0000000008001288       0x54 /opt/st/stm32cubeide_1.4.0/plugins/com.st.stm32cube.ide.mcu.externaltools.gnu-tools-for-stm32.7-2018-q2-update.linux64_1.4.0.202007081208/tools/bin/../lib/gcc/arm-none-eabi/7.3.1/../../../../arm-none-eabi/lib/thumb/v7e-m/fpv5/hard/libc_nano.a(lib_a-fflush.o)
                0x0000000008001288                _fflush_r
 .text.std      0x00000000080012dc       0x48 /opt/st/stm32cubeide_1.4.0/plugins/com.st.stm32cube.ide.mcu.externaltools.gnu-tools-for-stm32.7-2018-q2-update.linux64_1.4.0.202007081208/tools/bin/../lib/gcc/arm-none-eabi/7.3.1/../../../../arm-none-eabi/lib/thumb/v7e-m/fpv5/hard/libc_nano.a(lib_a-findfp.o)
 .text._cleanup_r
                0x0000000008001324        0xc /opt/st/stm32cubeide_1.4.0/plugins/com.st.stm32cube.ide.mcu.externaltools.gnu-tools-for-stm32.7-2018-q2-update.linux64_1.4.0.202007081208/tools/bin/../lib/gcc/arm-none-eabi/7.3.1/../../../../arm-none-eabi/lib/thumb/v7e-m/fpv5/hard/libc_nano.a(lib_a-findfp.o)
                0x0000000008001324                _cleanup_r
 .text.__sfmoreglue
                0x0000000008001330       0x2c /opt/st/stm32cubeide_1.4.0/plugins/com.st.stm32cube.ide.mcu.externaltools.gnu-tools-for-stm32.7-2018-q2-update.linux64_1.4.0.202007081208/tools/bin/../lib/gcc/arm-none-eabi/7.3.1/../../../../arm-none-eabi/lib/thumb/v7e-m/fpv5/hard/libc_nano.a(lib_a-findfp.o)
                0x0000000008001330                __sfmoreglue
 .text.__sinit  0x000000000800135c       0x60 /opt/st/stm32cubeide_1.4.0/plugins/com.st.stm32cube.ide.mcu.externaltools.gnu-tools-for-stm32.7-2018-q2-update.linux64_1.4.0.202007081208/tools/bin/../lib/gcc/arm-none-eabi/7.3.1/../../../../arm-none-eabi/lib/thumb/v7e-m/fpv5/hard/libc_nano.a(lib_a-findfp.o)
                0x000000000800135c                __sinit
 .text.__sfp    0x00000000080013bc       0x78 /opt/st/stm32cubeide_1.4.0/plugins/com.st.stm32cube.ide.mcu.externaltools.gnu-tools-for-stm32.7-2018-q2-update.linux64_1.4.0.202007081208/tools/bin/../lib/gcc/arm-none-eabi/7.3.1/../../../../arm-none-eabi/lib/thumb/v7e-m/fpv5/hard/libc_nano.a(lib_a-findfp.o)
                0x00000000080013bc                __sfp
 .text._fwalk_reent
                0x0000000008001434       0x3c /opt/st/stm32cubeide_1.4.0/plugins/com.st.stm32cube.ide.mcu.externaltools.gnu-tools-for-stm32.7-2018-q2-update.linux64_1.4.0.202007081208/tools/bin/../lib/gcc/arm-none-eabi/7.3.1/../../../../arm-none-eabi/lib/thumb/v7e-m/fpv5/hard/libc_nano.a(lib_a-fwalk.o)
                0x0000000008001434                _fwalk_reent
 .text.__swhatbuf_r
                0x0000000008001470       0x48 /opt/st/stm32cubeide_1.4.0/plugins/com.st.stm32cube.ide.mcu.externaltools.gnu-tools-for-stm32.7-2018-q2-update.linux64_1.4.0.202007081208/tools/bin/../lib/gcc/arm-none-eabi/7.3.1/../../../../arm-none-eabi/lib/thumb/v7e-m/fpv5/hard/libc_nano.a(lib_a-makebuf.o)
                0x0000000008001470                __swhatbuf_r
 .text.__smakebuf_r
                0x00000000080014b8       0x80 /opt/st/stm32cubeide_1.4.0/plugins/com.st.stm32cube.ide.mcu.externaltools.gnu-tools-for-stm32.7-2018-q2-update.linux64_1.4.0.202007081208/tools/bin/../lib/gcc/arm-none-eabi/7.3.1/../../../../arm-none-eabi/lib/thumb/v7e-m/fpv5/hard/libc_nano.a(lib_a-makebuf.o)
                0x00000000080014b8                __smakebuf_r
 .text._free_r  0x0000000008001538       0x9c /opt/st/stm32cubeide_1.4.0/plugins/com.st.stm32cube.ide.mcu.externaltools.gnu-tools-for-stm32.7-2018-q2-update.linux64_1.4.0.202007081208/tools/bin/../lib/gcc/arm-none-eabi/7.3.1/../../../../arm-none-eabi/lib/thumb/v7e-m/fpv5/hard/libc_nano.a(lib_a-nano-freer.o)
                0x0000000008001538                _free_r
 .text._malloc_r
                0x00000000080015d4       0xb4 /opt/st/stm32cubeide_1.4.0/plugins/com.st.stm32cube.ide.mcu.externaltools.gnu-tools-for-stm32.7-2018-q2-update.linux64_1.4.0.202007081208/tools/bin/../lib/gcc/arm-none-eabi/7.3.1/../../../../arm-none-eabi/lib/thumb/v7e-m/fpv5/hard/libc_nano.a(lib_a-nano-mallocr.o)
                0x00000000080015d4                _malloc_r
 .text._sbrk_r  0x0000000008001688       0x20 /opt/st/stm32cubeide_1.4.0/plugins/com.st.stm32cube.ide.mcu.externaltools.gnu-tools-for-stm32.7-2018-q2-update.linux64_1.4.0.202007081208/tools/bin/../lib/gcc/arm-none-eabi/7.3.1/../../../../arm-none-eabi/lib/thumb/v7e-m/fpv5/hard/libc_nano.a(lib_a-sbrkr.o)
                0x0000000008001688                _sbrk_r
 .text.__sread  0x00000000080016a8       0x22 /opt/st/stm32cubeide_1.4.0/plugins/com.st.stm32cube.ide.mcu.externaltools.gnu-tools-for-stm32.7-2018-q2-update.linux64_1.4.0.202007081208/tools/bin/../lib/gcc/arm-none-eabi/7.3.1/../../../../arm-none-eabi/lib/thumb/v7e-m/fpv5/hard/libc_nano.a(lib_a-stdio.o)
                0x00000000080016a8                __sread
 .text.__swrite
                0x00000000080016ca       0x38 /opt/st/stm32cubeide_1.4.0/plugins/com.st.stm32cube.ide.mcu.externaltools.gnu-tools-for-stm32.7-2018-q2-update.linux64_1.4.0.202007081208/tools/bin/../lib/gcc/arm-none-eabi/7.3.1/../../../../arm-none-eabi/lib/thumb/v7e-m/fpv5/hard/libc_nano.a(lib_a-stdio.o)
                0x00000000080016ca                __swrite
 .text.__sseek  0x0000000008001702       0x24 /opt/st/stm32cubeide_1.4.0/plugins/com.st.stm32cube.ide.mcu.externaltools.gnu-tools-for-stm32.7-2018-q2-update.linux64_1.4.0.202007081208/tools/bin/../lib/gcc/arm-none-eabi/7.3.1/../../../../arm-none-eabi/lib/thumb/v7e-m/fpv5/hard/libc_nano.a(lib_a-stdio.o)
                0x0000000008001702                __sseek
 .text.__sclose
                0x0000000008001726        0x8 /opt/st/stm32cubeide_1.4.0/plugins/com.st.stm32cube.ide.mcu.externaltools.gnu-tools-for-stm32.7-2018-q2-update.linux64_1.4.0.202007081208/tools/bin/../lib/gcc/arm-none-eabi/7.3.1/../../../../arm-none-eabi/lib/thumb/v7e-m/fpv5/hard/libc_nano.a(lib_a-stdio.o)
                0x0000000008001726                __sclose
 *fill*         0x000000000800172e        0x2 
 .text._write_r
                0x0000000008001730       0x24 /opt/st/stm32cubeide_1.4.0/plugins/com.st.stm32cube.ide.mcu.externaltools.gnu-tools-for-stm32.7-2018-q2-update.linux64_1.4.0.202007081208/tools/bin/../lib/gcc/arm-none-eabi/7.3.1/../../../../arm-none-eabi/lib/thumb/v7e-m/fpv5/hard/libc_nano.a(lib_a-writer.o)
                0x0000000008001730                _write_r
 .text._close_r
                0x0000000008001754       0x20 /opt/st/stm32cubeide_1.4.0/plugins/com.st.stm32cube.ide.mcu.externaltools.gnu-tools-for-stm32.7-2018-q2-update.linux64_1.4.0.202007081208/tools/bin/../lib/gcc/arm-none-eabi/7.3.1/../../../../arm-none-eabi/lib/thumb/v7e-m/fpv5/hard/libc_nano.a(lib_a-closer.o)
                0x0000000008001754                _close_r
 .text._fstat_r
                0x0000000008001774       0x24 /opt/st/stm32cubeide_1.4.0/plugins/com.st.stm32cube.ide.mcu.externaltools.gnu-tools-for-stm32.7-2018-q2-update.linux64_1.4.0.202007081208/tools/bin/../lib/gcc/arm-none-eabi/7.3.1/../../../../arm-none-eabi/lib/thumb/v7e-m/fpv5/hard/libc_nano.a(lib_a-fstatr.o)
                0x0000000008001774                _fstat_r
 .text._isatty_r
                0x0000000008001798       0x20 /opt/st/stm32cubeide_1.4.0/plugins/com.st.stm32cube.ide.mcu.externaltools.gnu-tools-for-stm32.7-2018-q2-update.linux64_1.4.0.202007081208/tools/bin/../lib/gcc/arm-none-eabi/7.3.1/../../../../arm-none-eabi/lib/thumb/v7e-m/fpv5/hard/libc_nano.a(lib_a-isattyr.o)
                0x0000000008001798                _isatty_r
 .text._lseek_r
                0x00000000080017b8       0x24 /opt/st/stm32cubeide_1.4.0/plugins/com.st.stm32cube.ide.mcu.externaltools.gnu-tools-for-stm32.7-2018-q2-update.linux64_1.4.0.202007081208/tools/bin/../lib/gcc/arm-none-eabi/7.3.1/../../../../arm-none-eabi/lib/thumb/v7e-m/fpv5/hard/libc_nano.a(lib_a-lseekr.o)
                0x00000000080017b8                _lseek_r
 .text.__malloc_lock
                0x00000000080017dc        0x2 /opt/st/stm32cubeide_1.4.0/plugins/com.st.stm32cube.ide.mcu.externaltools.gnu-tools-for-stm32.7-2018-q2-update.linux64_1.4.0.202007081208/tools/bin/../lib/gcc/arm-none-eabi/7.3.1/../../../../arm-none-eabi/lib/thumb/v7e-m/fpv5/hard/libc_nano.a(lib_a-mlock.o)
                0x00000000080017dc                __malloc_lock
 .text.__malloc_unlock
                0x00000000080017de        0x2 /opt/st/stm32cubeide_1.4.0/plugins/com.st.stm32cube.ide.mcu.externaltools.gnu-tools-for-stm32.7-2018-q2-update.linux64_1.4.0.202007081208/tools/bin/../lib/gcc/arm-none-eabi/7.3.1/../../../../arm-none-eabi/lib/thumb/v7e-m/fpv5/hard/libc_nano.a(lib_a-mlock.o)
                0x00000000080017de                __malloc_unlock
 .text._read_r  0x00000000080017e0       0x24 /opt/st/stm32cubeide_1.4.0/plugins/com.st.stm32cube.ide.mcu.externaltools.gnu-tools-for-stm32.7-2018-q2-update.linux64_1.4.0.202007081208/tools/bin/../lib/gcc/arm-none-eabi/7.3.1/../../../../arm-none-eabi/lib/thumb/v7e-m/fpv5/hard/libc_nano.a(lib_a-readr.o)
                0x00000000080017e0                _read_r
 *(.glue_7)
 .glue_7        0x0000000008001804        0x0 linker stubs
 *(.glue_7t)
 .glue_7t       0x0000000008001804        0x0 linker stubs
 *(.eh_frame)
 .eh_frame      0x0000000008001804        0x0 /opt/st/stm32cubeide_1.4.0/plugins/com.st.stm32cube.ide.mcu.externaltools.gnu-tools-for-stm32.7-2018-q2-update.linux64_1.4.0.202007081208/tools/bin/../lib/gcc/arm-none-eabi/7.3.1/thumb/v7e-m/fpv5/hard/crtbegin.o
 *(.init)
 .init          0x0000000008001804        0x4 /opt/st/stm32cubeide_1.4.0/plugins/com.st.stm32cube.ide.mcu.externaltools.gnu-tools-for-stm32.7-2018-q2-update.linux64_1.4.0.202007081208/tools/bin/../lib/gcc/arm-none-eabi/7.3.1/thumb/v7e-m/fpv5/hard/crti.o
                0x0000000008001804                _init
 .init          0x0000000008001808        0x8 /opt/st/stm32cubeide_1.4.0/plugins/com.st.stm32cube.ide.mcu.externaltools.gnu-tools-for-stm32.7-2018-q2-update.linux64_1.4.0.202007081208/tools/bin/../lib/gcc/arm-none-eabi/7.3.1/thumb/v7e-m/fpv5/hard/crtn.o
 *(.fini)
 .fini          0x0000000008001810        0x4 /opt/st/stm32cubeide_1.4.0/plugins/com.st.stm32cube.ide.mcu.externaltools.gnu-tools-for-stm32.7-2018-q2-update.linux64_1.4.0.202007081208/tools/bin/../lib/gcc/arm-none-eabi/7.3.1/thumb/v7e-m/fpv5/hard/crti.o
                0x0000000008001810                _fini
 .fini          0x0000000008001814        0x8 /opt/st/stm32cubeide_1.4.0/plugins/com.st.stm32cube.ide.mcu.externaltools.gnu-tools-for-stm32.7-2018-q2-update.linux64_1.4.0.202007081208/tools/bin/../lib/gcc/arm-none-eabi/7.3.1/thumb/v7e-m/fpv5/hard/crtn.o
                0x000000000800181c                . = ALIGN (0x4)
                0x000000000800181c                _etext = .

.vfp11_veneer   0x000000000800181c        0x0
 .vfp11_veneer  0x000000000800181c        0x0 linker stubs

.v4_bx          0x000000000800181c        0x0
 .v4_bx         0x000000000800181c        0x0 linker stubs

.iplt           0x000000000800181c        0x0
 .iplt          0x000000000800181c        0x0 /opt/st/stm32cubeide_1.4.0/plugins/com.st.stm32cube.ide.mcu.externaltools.gnu-tools-for-stm32.7-2018-q2-update.linux64_1.4.0.202007081208/tools/bin/../lib/gcc/arm-none-eabi/7.3.1/thumb/v7e-m/fpv5/hard/crtbegin.o

.rodata         0x000000000800181c       0x98
                0x000000000800181c                . = ALIGN (0x4)
 *(.rodata)
 .rodata        0x000000000800181c       0x1e Src/drivers/ili9341.o
 *(.rodata*)
 .rodata._Z5setupv.str1.1
                0x000000000800183a        0xc Src/main.o
 *fill*         0x0000000008001846        0x2 
 .rodata._ZL14nrf24l01Config
                0x0000000008001848        0x8 Src/main.o
 .rodata._global_impure_ptr
                0x0000000008001850        0x4 /opt/st/stm32cubeide_1.4.0/plugins/com.st.stm32cube.ide.mcu.externaltools.gnu-tools-for-stm32.7-2018-q2-update.linux64_1.4.0.202007081208/tools/bin/../lib/gcc/arm-none-eabi/7.3.1/../../../../arm-none-eabi/lib/thumb/v7e-m/fpv5/hard/libc_nano.a(lib_a-impure.o)
                0x0000000008001850                _global_impure_ptr
 .rodata.__sf_fake_stderr
                0x0000000008001854       0x20 /opt/st/stm32cubeide_1.4.0/plugins/com.st.stm32cube.ide.mcu.externaltools.gnu-tools-for-stm32.7-2018-q2-update.linux64_1.4.0.202007081208/tools/bin/../lib/gcc/arm-none-eabi/7.3.1/../../../../arm-none-eabi/lib/thumb/v7e-m/fpv5/hard/libc_nano.a(lib_a-findfp.o)
                0x0000000008001854                __sf_fake_stderr
 .rodata.__sf_fake_stdin
                0x0000000008001874       0x20 /opt/st/stm32cubeide_1.4.0/plugins/com.st.stm32cube.ide.mcu.externaltools.gnu-tools-for-stm32.7-2018-q2-update.linux64_1.4.0.202007081208/tools/bin/../lib/gcc/arm-none-eabi/7.3.1/../../../../arm-none-eabi/lib/thumb/v7e-m/fpv5/hard/libc_nano.a(lib_a-findfp.o)
                0x0000000008001874                __sf_fake_stdin
 .rodata.__sf_fake_stdout
                0x0000000008001894       0x20 /opt/st/stm32cubeide_1.4.0/plugins/com.st.stm32cube.ide.mcu.externaltools.gnu-tools-for-stm32.7-2018-q2-update.linux64_1.4.0.202007081208/tools/bin/../lib/gcc/arm-none-eabi/7.3.1/../../../../arm-none-eabi/lib/thumb/v7e-m/fpv5/hard/libc_nano.a(lib_a-findfp.o)
                0x0000000008001894                __sf_fake_stdout
                0x00000000080018b4                . = ALIGN (0x4)

.rel.dyn        0x00000000080018b4        0x0
 .rel.iplt      0x00000000080018b4        0x0 /opt/st/stm32cubeide_1.4.0/plugins/com.st.stm32cube.ide.mcu.externaltools.gnu-tools-for-stm32.7-2018-q2-update.linux64_1.4.0.202007081208/tools/bin/../lib/gcc/arm-none-eabi/7.3.1/thumb/v7e-m/fpv5/hard/crtbegin.o

.ARM.extab      0x00000000080018b4        0x0
                0x00000000080018b4                . = ALIGN (0x4)
 *(.ARM.extab* .gnu.linkonce.armextab.*)
                0x00000000080018b4                . = ALIGN (0x4)

.ARM            0x00000000080018b4        0x0
                0x00000000080018b4                . = ALIGN (0x4)
                0x00000000080018b4                __exidx_start = .
 *(.ARM.exidx*)
                0x00000000080018b4                __exidx_end = .
                0x00000000080018b4                . = ALIGN (0x4)

.preinit_array  0x00000000080018b4        0x0
                0x00000000080018b4                . = ALIGN (0x4)
                0x00000000080018b4                PROVIDE (__preinit_array_start = .)
 *(.preinit_array*)
                0x00000000080018b4                PROVIDE (__preinit_array_end = .)
                0x00000000080018b4                . = ALIGN (0x4)

.init_array     0x00000000080018b4        0x8
                0x00000000080018b4                . = ALIGN (0x4)
                0x00000000080018b4                PROVIDE (__init_array_start = .)
 *(SORT_BY_NAME(.init_array.*))
 *(.init_array*)
 .init_array    0x00000000080018b4        0x4 /opt/st/stm32cubeide_1.4.0/plugins/com.st.stm32cube.ide.mcu.externaltools.gnu-tools-for-stm32.7-2018-q2-update.linux64_1.4.0.202007081208/tools/bin/../lib/gcc/arm-none-eabi/7.3.1/thumb/v7e-m/fpv5/hard/crtbegin.o
 .init_array    0x00000000080018b8        0x4 Src/main.o
                0x00000000080018bc                PROVIDE (__init_array_end = .)
                0x00000000080018bc                . = ALIGN (0x4)

.fini_array     0x00000000080018bc        0x4
                0x00000000080018bc                . = ALIGN (0x4)
                [!provide]                        PROVIDE (__fini_array_start = .)
 *(SORT_BY_NAME(.fini_array.*))
 *(.fini_array*)
 .fini_array    0x00000000080018bc        0x4 /opt/st/stm32cubeide_1.4.0/plugins/com.st.stm32cube.ide.mcu.externaltools.gnu-tools-for-stm32.7-2018-q2-update.linux64_1.4.0.202007081208/tools/bin/../lib/gcc/arm-none-eabi/7.3.1/thumb/v7e-m/fpv5/hard/crtbegin.o
                [!provide]                        PROVIDE (__fini_array_end = .)
                0x00000000080018c0                . = ALIGN (0x4)
                0x00000000080018c0                _sidata = LOADADDR (.data)

.data           0x0000000024000000       0xa4 load address 0x00000000080018c0
                0x0000000024000000                . = ALIGN (0x4)
                0x0000000024000000                _sdata = .
 *(.data)
 *(.data*)
 .data.eth_connected_bitmap
                0x0000000024000000        0x7 Src/bitmaps.o
                0x0000000024000000                eth_connected_bitmap
 .data._ZL5colon
                0x0000000024000007        0x5 Src/main.o
 .data._ZN7DriversL13number_bitmapE
                0x000000002400000c       0x32 Src/drivers/ili9341.o
 *fill*         0x000000002400003e        0x2 
 .data._impure_ptr
                0x0000000024000040        0x4 /opt/st/stm32cubeide_1.4.0/plugins/com.st.stm32cube.ide.mcu.externaltools.gnu-tools-for-stm32.7-2018-q2-update.linux64_1.4.0.202007081208/tools/bin/../lib/gcc/arm-none-eabi/7.3.1/../../../../arm-none-eabi/lib/thumb/v7e-m/fpv5/hard/libc_nano.a(lib_a-impure.o)
                0x0000000024000040                _impure_ptr
 .data.impure_data
                0x0000000024000044       0x60 /opt/st/stm32cubeide_1.4.0/plugins/com.st.stm32cube.ide.mcu.externaltools.gnu-tools-for-stm32.7-2018-q2-update.linux64_1.4.0.202007081208/tools/bin/../lib/gcc/arm-none-eabi/7.3.1/../../../../arm-none-eabi/lib/thumb/v7e-m/fpv5/hard/libc_nano.a(lib_a-impure.o)
                0x00000000240000a4                . = ALIGN (0x4)
                0x00000000240000a4                _edata = .

.igot.plt       0x00000000240000a4        0x0 load address 0x0000000008001964
 .igot.plt      0x00000000240000a4        0x0 /opt/st/stm32cubeide_1.4.0/plugins/com.st.stm32cube.ide.mcu.externaltools.gnu-tools-for-stm32.7-2018-q2-update.linux64_1.4.0.202007081208/tools/bin/../lib/gcc/arm-none-eabi/7.3.1/thumb/v7e-m/fpv5/hard/crtbegin.o
                0x00000000240000a4                . = ALIGN (0x4)

.bss            0x00000000240000a4       0x54 load address 0x0000000008001964
                0x00000000240000a4                _sbss = .
                0x00000000240000a4                __bss_start__ = _sbss
 *(.bss)
 .bss           0x00000000240000a4       0x1c /opt/st/stm32cubeide_1.4.0/plugins/com.st.stm32cube.ide.mcu.externaltools.gnu-tools-for-stm32.7-2018-q2-update.linux64_1.4.0.202007081208/tools/bin/../lib/gcc/arm-none-eabi/7.3.1/thumb/v7e-m/fpv5/hard/crtbegin.o
 *(.bss*)
 .bss._ZL11nrf24l01SPI
                0x00000000240000c0        0x4 Src/main.o
 .bss._ZL14nrf24l01Driver
                0x00000000240000c4       0x14 Src/main.o
 .bss._ZL7lcd_spi
                0x00000000240000d8        0x4 Src/main.o
 .bss._ZL9lcdDriver
                0x00000000240000dc        0xc Src/main.o
 .bss.__sbrk_heap_end
                0x00000000240000e8        0x4 Src/sysmem.o
 .bss.__malloc_free_list
                0x00000000240000ec        0x4 /opt/st/stm32cubeide_1.4.0/plugins/com.st.stm32cube.ide.mcu.externaltools.gnu-tools-for-stm32.7-2018-q2-update.linux64_1.4.0.202007081208/tools/bin/../lib/gcc/arm-none-eabi/7.3.1/../../../../arm-none-eabi/lib/thumb/v7e-m/fpv5/hard/libc_nano.a(lib_a-nano-mallocr.o)
                0x00000000240000ec                __malloc_free_list
 .bss.__malloc_sbrk_start
                0x00000000240000f0        0x4 /opt/st/stm32cubeide_1.4.0/plugins/com.st.stm32cube.ide.mcu.externaltools.gnu-tools-for-stm32.7-2018-q2-update.linux64_1.4.0.202007081208/tools/bin/../lib/gcc/arm-none-eabi/7.3.1/../../../../arm-none-eabi/lib/thumb/v7e-m/fpv5/hard/libc_nano.a(lib_a-nano-mallocr.o)
                0x00000000240000f0                __malloc_sbrk_start
 *(COMMON)
 COMMON         0x00000000240000f4        0x4 /opt/st/stm32cubeide_1.4.0/plugins/com.st.stm32cube.ide.mcu.externaltools.gnu-tools-for-stm32.7-2018-q2-update.linux64_1.4.0.202007081208/tools/bin/../lib/gcc/arm-none-eabi/7.3.1/../../../../arm-none-eabi/lib/thumb/v7e-m/fpv5/hard/libc_nano.a(lib_a-reent.o)
                0x00000000240000f4                errno
                0x00000000240000f8                . = ALIGN (0x4)
                0x00000000240000f8                _ebss = .
                0x00000000240000f8                __bss_end__ = _ebss

._user_heap_stack
                0x00000000240000f8      0x600 load address 0x0000000008001964
                0x00000000240000f8                . = ALIGN (0x8)
                [!provide]                        PROVIDE (end = .)
                0x00000000240000f8                PROVIDE (_end = .)
                0x00000000240002f8                . = (. + _Min_Heap_Size)
 *fill*         0x00000000240000f8      0x200 
                0x00000000240006f8                . = (. + _Min_Stack_Size)
 *fill*         0x00000000240002f8      0x400 
                0x00000000240006f8                . = ALIGN (0x8)

/DISCARD/
 libc.a(*)
 libm.a(*)
 libgcc.a(*)

.ARM.attributes
                0x0000000000000000       0x2e
 *(.ARM.attributes)
 .ARM.attributes
                0x0000000000000000       0x20 /opt/st/stm32cubeide_1.4.0/plugins/com.st.stm32cube.ide.mcu.externaltools.gnu-tools-for-stm32.7-2018-q2-update.linux64_1.4.0.202007081208/tools/bin/../lib/gcc/arm-none-eabi/7.3.1/thumb/v7e-m/fpv5/hard/crti.o
 .ARM.attributes
                0x0000000000000020       0x32 /opt/st/stm32cubeide_1.4.0/plugins/com.st.stm32cube.ide.mcu.externaltools.gnu-tools-for-stm32.7-2018-q2-update.linux64_1.4.0.202007081208/tools/bin/../lib/gcc/arm-none-eabi/7.3.1/thumb/v7e-m/fpv5/hard/crtbegin.o
 .ARM.attributes
                0x0000000000000052       0x37 Src/bitmaps.o
 .ARM.attributes
                0x0000000000000089       0x37 Src/delay.o
 .ARM.attributes
                0x00000000000000c0       0x37 Src/main.o
 .ARM.attributes
                0x00000000000000f7       0x37 Src/syscalls.o
 .ARM.attributes
                0x000000000000012e       0x37 Src/sysclk.o
 .ARM.attributes
                0x0000000000000165       0x37 Src/sysmem.o
 .ARM.attributes
                0x000000000000019c       0x37 Src/drivers/ili9341.o
 .ARM.attributes
                0x00000000000001d3       0x37 Src/drivers/ir.o
 .ARM.attributes
                0x000000000000020a       0x37 Src/drivers/nrf24l01.o
 .ARM.attributes
                0x0000000000000241       0x37 Src/hardware/rng.o
 .ARM.attributes
                0x0000000000000278       0x37 Src/hardware/rs232.o
 .ARM.attributes
                0x00000000000002af       0x37 Src/hardware/rtc.o
 .ARM.attributes
                0x00000000000002e6       0x37 Src/hardware/spi.o
 .ARM.attributes
                0x000000000000031d       0x21 Startup/startup_stm32h750vbtx.o
 .ARM.attributes
                0x000000000000033e       0x32 /opt/st/stm32cubeide_1.4.0/plugins/com.st.stm32cube.ide.mcu.externaltools.gnu-tools-for-stm32.7-2018-q2-update.linux64_1.4.0.202007081208/tools/bin/../lib/gcc/arm-none-eabi/7.3.1/../../../../arm-none-eabi/lib/thumb/v7e-m/fpv5/hard/libc_nano.a(lib_a-errno.o)
 .ARM.attributes
                0x0000000000000370       0x32 /opt/st/stm32cubeide_1.4.0/plugins/com.st.stm32cube.ide.mcu.externaltools.gnu-tools-for-stm32.7-2018-q2-update.linux64_1.4.0.202007081208/tools/bin/../lib/gcc/arm-none-eabi/7.3.1/../../../../arm-none-eabi/lib/thumb/v7e-m/fpv5/hard/libc_nano.a(lib_a-impure.o)
 .ARM.attributes
                0x00000000000003a2       0x32 /opt/st/stm32cubeide_1.4.0/plugins/com.st.stm32cube.ide.mcu.externaltools.gnu-tools-for-stm32.7-2018-q2-update.linux64_1.4.0.202007081208/tools/bin/../lib/gcc/arm-none-eabi/7.3.1/../../../../arm-none-eabi/lib/thumb/v7e-m/fpv5/hard/libc_nano.a(lib_a-init.o)
 .ARM.attributes
                0x00000000000003d4       0x32 /opt/st/stm32cubeide_1.4.0/plugins/com.st.stm32cube.ide.mcu.externaltools.gnu-tools-for-stm32.7-2018-q2-update.linux64_1.4.0.202007081208/tools/bin/../lib/gcc/arm-none-eabi/7.3.1/../../../../arm-none-eabi/lib/thumb/v7e-m/fpv5/hard/libc_nano.a(lib_a-memset.o)
 .ARM.attributes
                0x0000000000000406       0x32 /opt/st/stm32cubeide_1.4.0/plugins/com.st.stm32cube.ide.mcu.externaltools.gnu-tools-for-stm32.7-2018-q2-update.linux64_1.4.0.202007081208/tools/bin/../lib/gcc/arm-none-eabi/7.3.1/../../../../arm-none-eabi/lib/thumb/v7e-m/fpv5/hard/libc_nano.a(lib_a-puts.o)
 .ARM.attributes
                0x0000000000000438       0x32 /opt/st/stm32cubeide_1.4.0/plugins/com.st.stm32cube.ide.mcu.externaltools.gnu-tools-for-stm32.7-2018-q2-update.linux64_1.4.0.202007081208/tools/bin/../lib/gcc/arm-none-eabi/7.3.1/../../../../arm-none-eabi/lib/thumb/v7e-m/fpv5/hard/libc_nano.a(lib_a-wbuf.o)
 .ARM.attributes
                0x000000000000046a       0x32 /opt/st/stm32cubeide_1.4.0/plugins/com.st.stm32cube.ide.mcu.externaltools.gnu-tools-for-stm32.7-2018-q2-update.linux64_1.4.0.202007081208/tools/bin/../lib/gcc/arm-none-eabi/7.3.1/../../../../arm-none-eabi/lib/thumb/v7e-m/fpv5/hard/libc_nano.a(lib_a-wsetup.o)
 .ARM.attributes
                0x000000000000049c       0x32 /opt/st/stm32cubeide_1.4.0/plugins/com.st.stm32cube.ide.mcu.externaltools.gnu-tools-for-stm32.7-2018-q2-update.linux64_1.4.0.202007081208/tools/bin/../lib/gcc/arm-none-eabi/7.3.1/../../../../arm-none-eabi/lib/thumb/v7e-m/fpv5/hard/libc_nano.a(lib_a-fflush.o)
 .ARM.attributes
                0x00000000000004ce       0x32 /opt/st/stm32cubeide_1.4.0/plugins/com.st.stm32cube.ide.mcu.externaltools.gnu-tools-for-stm32.7-2018-q2-update.linux64_1.4.0.202007081208/tools/bin/../lib/gcc/arm-none-eabi/7.3.1/../../../../arm-none-eabi/lib/thumb/v7e-m/fpv5/hard/libc_nano.a(lib_a-findfp.o)
 .ARM.attributes
                0x0000000000000500       0x32 /opt/st/stm32cubeide_1.4.0/plugins/com.st.stm32cube.ide.mcu.externaltools.gnu-tools-for-stm32.7-2018-q2-update.linux64_1.4.0.202007081208/tools/bin/../lib/gcc/arm-none-eabi/7.3.1/../../../../arm-none-eabi/lib/thumb/v7e-m/fpv5/hard/libc_nano.a(lib_a-fwalk.o)
 .ARM.attributes
                0x0000000000000532       0x32 /opt/st/stm32cubeide_1.4.0/plugins/com.st.stm32cube.ide.mcu.externaltools.gnu-tools-for-stm32.7-2018-q2-update.linux64_1.4.0.202007081208/tools/bin/../lib/gcc/arm-none-eabi/7.3.1/../../../../arm-none-eabi/lib/thumb/v7e-m/fpv5/hard/libc_nano.a(lib_a-makebuf.o)
 .ARM.attributes
                0x0000000000000564       0x32 /opt/st/stm32cubeide_1.4.0/plugins/com.st.stm32cube.ide.mcu.externaltools.gnu-tools-for-stm32.7-2018-q2-update.linux64_1.4.0.202007081208/tools/bin/../lib/gcc/arm-none-eabi/7.3.1/../../../../arm-none-eabi/lib/thumb/v7e-m/fpv5/hard/libc_nano.a(lib_a-nano-freer.o)
 .ARM.attributes
                0x0000000000000596       0x32 /opt/st/stm32cubeide_1.4.0/plugins/com.st.stm32cube.ide.mcu.externaltools.gnu-tools-for-stm32.7-2018-q2-update.linux64_1.4.0.202007081208/tools/bin/../lib/gcc/arm-none-eabi/7.3.1/../../../../arm-none-eabi/lib/thumb/v7e-m/fpv5/hard/libc_nano.a(lib_a-nano-mallocr.o)
 .ARM.attributes
                0x00000000000005c8       0x32 /opt/st/stm32cubeide_1.4.0/plugins/com.st.stm32cube.ide.mcu.externaltools.gnu-tools-for-stm32.7-2018-q2-update.linux64_1.4.0.202007081208/tools/bin/../lib/gcc/arm-none-eabi/7.3.1/../../../../arm-none-eabi/lib/thumb/v7e-m/fpv5/hard/libc_nano.a(lib_a-sbrkr.o)
 .ARM.attributes
                0x00000000000005fa       0x32 /opt/st/stm32cubeide_1.4.0/plugins/com.st.stm32cube.ide.mcu.externaltools.gnu-tools-for-stm32.7-2018-q2-update.linux64_1.4.0.202007081208/tools/bin/../lib/gcc/arm-none-eabi/7.3.1/../../../../arm-none-eabi/lib/thumb/v7e-m/fpv5/hard/libc_nano.a(lib_a-stdio.o)
 .ARM.attributes
                0x000000000000062c       0x32 /opt/st/stm32cubeide_1.4.0/plugins/com.st.stm32cube.ide.mcu.externaltools.gnu-tools-for-stm32.7-2018-q2-update.linux64_1.4.0.202007081208/tools/bin/../lib/gcc/arm-none-eabi/7.3.1/../../../../arm-none-eabi/lib/thumb/v7e-m/fpv5/hard/libc_nano.a(lib_a-writer.o)
 .ARM.attributes
                0x000000000000065e       0x32 /opt/st/stm32cubeide_1.4.0/plugins/com.st.stm32cube.ide.mcu.externaltools.gnu-tools-for-stm32.7-2018-q2-update.linux64_1.4.0.202007081208/tools/bin/../lib/gcc/arm-none-eabi/7.3.1/../../../../arm-none-eabi/lib/thumb/v7e-m/fpv5/hard/libc_nano.a(lib_a-closer.o)
 .ARM.attributes
                0x0000000000000690       0x32 /opt/st/stm32cubeide_1.4.0/plugins/com.st.stm32cube.ide.mcu.externaltools.gnu-tools-for-stm32.7-2018-q2-update.linux64_1.4.0.202007081208/tools/bin/../lib/gcc/arm-none-eabi/7.3.1/../../../../arm-none-eabi/lib/thumb/v7e-m/fpv5/hard/libc_nano.a(lib_a-fstatr.o)
 .ARM.attributes
                0x00000000000006c2       0x32 /opt/st/stm32cubeide_1.4.0/plugins/com.st.stm32cube.ide.mcu.externaltools.gnu-tools-for-stm32.7-2018-q2-update.linux64_1.4.0.202007081208/tools/bin/../lib/gcc/arm-none-eabi/7.3.1/../../../../arm-none-eabi/lib/thumb/v7e-m/fpv5/hard/libc_nano.a(lib_a-isattyr.o)
 .ARM.attributes
                0x00000000000006f4       0x32 /opt/st/stm32cubeide_1.4.0/plugins/com.st.stm32cube.ide.mcu.externaltools.gnu-tools-for-stm32.7-2018-q2-update.linux64_1.4.0.202007081208/tools/bin/../lib/gcc/arm-none-eabi/7.3.1/../../../../arm-none-eabi/lib/thumb/v7e-m/fpv5/hard/libc_nano.a(lib_a-lseekr.o)
 .ARM.attributes
                0x0000000000000726       0x32 /opt/st/stm32cubeide_1.4.0/plugins/com.st.stm32cube.ide.mcu.externaltools.gnu-tools-for-stm32.7-2018-q2-update.linux64_1.4.0.202007081208/tools/bin/../lib/gcc/arm-none-eabi/7.3.1/../../../../arm-none-eabi/lib/thumb/v7e-m/fpv5/hard/libc_nano.a(lib_a-mlock.o)
 .ARM.attributes
                0x0000000000000758       0x32 /opt/st/stm32cubeide_1.4.0/plugins/com.st.stm32cube.ide.mcu.externaltools.gnu-tools-for-stm32.7-2018-q2-update.linux64_1.4.0.202007081208/tools/bin/../lib/gcc/arm-none-eabi/7.3.1/../../../../arm-none-eabi/lib/thumb/v7e-m/fpv5/hard/libc_nano.a(lib_a-readr.o)
 .ARM.attributes
                0x000000000000078a       0x32 /opt/st/stm32cubeide_1.4.0/plugins/com.st.stm32cube.ide.mcu.externaltools.gnu-tools-for-stm32.7-2018-q2-update.linux64_1.4.0.202007081208/tools/bin/../lib/gcc/arm-none-eabi/7.3.1/../../../../arm-none-eabi/lib/thumb/v7e-m/fpv5/hard/libc_nano.a(lib_a-reent.o)
 .ARM.attributes
                0x00000000000007bc       0x20 /opt/st/stm32cubeide_1.4.0/plugins/com.st.stm32cube.ide.mcu.externaltools.gnu-tools-for-stm32.7-2018-q2-update.linux64_1.4.0.202007081208/tools/bin/../lib/gcc/arm-none-eabi/7.3.1/thumb/v7e-m/fpv5/hard/crtn.o
OUTPUT(IndustrialStuff.elf elf32-littlearm)

.comment        0x0000000000000000       0x7b
 .comment       0x0000000000000000       0x7b Src/bitmaps.o
                                         0x7c (size before relaxing)
 .comment       0x000000000000007b       0x7c Src/delay.o
 .comment       0x000000000000007b       0x7c Src/main.o
 .comment       0x000000000000007b       0x7c Src/syscalls.o
 .comment       0x000000000000007b       0x7c Src/sysclk.o
 .comment       0x000000000000007b       0x7c Src/sysmem.o
 .comment       0x000000000000007b       0x7c Src/drivers/ili9341.o
 .comment       0x000000000000007b       0x7c Src/drivers/ir.o
 .comment       0x000000000000007b       0x7c Src/drivers/nrf24l01.o
 .comment       0x000000000000007b       0x7c Src/hardware/rng.o
 .comment       0x000000000000007b       0x7c Src/hardware/rs232.o
 .comment       0x000000000000007b       0x7c Src/hardware/rtc.o
 .comment       0x000000000000007b       0x7c Src/hardware/spi.o

.debug_frame    0x0000000000000000      0x5f0
 .debug_frame   0x0000000000000000       0x20 /opt/st/stm32cubeide_1.4.0/plugins/com.st.stm32cube.ide.mcu.externaltools.gnu-tools-for-stm32.7-2018-q2-update.linux64_1.4.0.202007081208/tools/bin/../lib/gcc/arm-none-eabi/7.3.1/../../../../arm-none-eabi/lib/thumb/v7e-m/fpv5/hard/libc_nano.a(lib_a-errno.o)
 .debug_frame   0x0000000000000020       0x2c /opt/st/stm32cubeide_1.4.0/plugins/com.st.stm32cube.ide.mcu.externaltools.gnu-tools-for-stm32.7-2018-q2-update.linux64_1.4.0.202007081208/tools/bin/../lib/gcc/arm-none-eabi/7.3.1/../../../../arm-none-eabi/lib/thumb/v7e-m/fpv5/hard/libc_nano.a(lib_a-init.o)
 .debug_frame   0x000000000000004c       0x20 /opt/st/stm32cubeide_1.4.0/plugins/com.st.stm32cube.ide.mcu.externaltools.gnu-tools-for-stm32.7-2018-q2-update.linux64_1.4.0.202007081208/tools/bin/../lib/gcc/arm-none-eabi/7.3.1/../../../../arm-none-eabi/lib/thumb/v7e-m/fpv5/hard/libc_nano.a(lib_a-memset.o)
 .debug_frame   0x000000000000006c       0x3c /opt/st/stm32cubeide_1.4.0/plugins/com.st.stm32cube.ide.mcu.externaltools.gnu-tools-for-stm32.7-2018-q2-update.linux64_1.4.0.202007081208/tools/bin/../lib/gcc/arm-none-eabi/7.3.1/../../../../arm-none-eabi/lib/thumb/v7e-m/fpv5/hard/libc_nano.a(lib_a-puts.o)
 .debug_frame   0x00000000000000a8       0x40 /opt/st/stm32cubeide_1.4.0/plugins/com.st.stm32cube.ide.mcu.externaltools.gnu-tools-for-stm32.7-2018-q2-update.linux64_1.4.0.202007081208/tools/bin/../lib/gcc/arm-none-eabi/7.3.1/../../../../arm-none-eabi/lib/thumb/v7e-m/fpv5/hard/libc_nano.a(lib_a-wbuf.o)
 .debug_frame   0x00000000000000e8       0x2c /opt/st/stm32cubeide_1.4.0/plugins/com.st.stm32cube.ide.mcu.externaltools.gnu-tools-for-stm32.7-2018-q2-update.linux64_1.4.0.202007081208/tools/bin/../lib/gcc/arm-none-eabi/7.3.1/../../../../arm-none-eabi/lib/thumb/v7e-m/fpv5/hard/libc_nano.a(lib_a-wsetup.o)
 .debug_frame   0x0000000000000114       0x68 /opt/st/stm32cubeide_1.4.0/plugins/com.st.stm32cube.ide.mcu.externaltools.gnu-tools-for-stm32.7-2018-q2-update.linux64_1.4.0.202007081208/tools/bin/../lib/gcc/arm-none-eabi/7.3.1/../../../../arm-none-eabi/lib/thumb/v7e-m/fpv5/hard/libc_nano.a(lib_a-fflush.o)
 .debug_frame   0x000000000000017c      0x11c /opt/st/stm32cubeide_1.4.0/plugins/com.st.stm32cube.ide.mcu.externaltools.gnu-tools-for-stm32.7-2018-q2-update.linux64_1.4.0.202007081208/tools/bin/../lib/gcc/arm-none-eabi/7.3.1/../../../../arm-none-eabi/lib/thumb/v7e-m/fpv5/hard/libc_nano.a(lib_a-findfp.o)
 .debug_frame   0x0000000000000298       0x54 /opt/st/stm32cubeide_1.4.0/plugins/com.st.stm32cube.ide.mcu.externaltools.gnu-tools-for-stm32.7-2018-q2-update.linux64_1.4.0.202007081208/tools/bin/../lib/gcc/arm-none-eabi/7.3.1/../../../../arm-none-eabi/lib/thumb/v7e-m/fpv5/hard/libc_nano.a(lib_a-fwalk.o)
 .debug_frame   0x00000000000002ec       0x58 /opt/st/stm32cubeide_1.4.0/plugins/com.st.stm32cube.ide.mcu.externaltools.gnu-tools-for-stm32.7-2018-q2-update.linux64_1.4.0.202007081208/tools/bin/../lib/gcc/arm-none-eabi/7.3.1/../../../../arm-none-eabi/lib/thumb/v7e-m/fpv5/hard/libc_nano.a(lib_a-makebuf.o)
 .debug_frame   0x0000000000000344       0x38 /opt/st/stm32cubeide_1.4.0/plugins/com.st.stm32cube.ide.mcu.externaltools.gnu-tools-for-stm32.7-2018-q2-update.linux64_1.4.0.202007081208/tools/bin/../lib/gcc/arm-none-eabi/7.3.1/../../../../arm-none-eabi/lib/thumb/v7e-m/fpv5/hard/libc_nano.a(lib_a-nano-freer.o)
 .debug_frame   0x000000000000037c       0x2c /opt/st/stm32cubeide_1.4.0/plugins/com.st.stm32cube.ide.mcu.externaltools.gnu-tools-for-stm32.7-2018-q2-update.linux64_1.4.0.202007081208/tools/bin/../lib/gcc/arm-none-eabi/7.3.1/../../../../arm-none-eabi/lib/thumb/v7e-m/fpv5/hard/libc_nano.a(lib_a-nano-mallocr.o)
 .debug_frame   0x00000000000003a8       0x2c /opt/st/stm32cubeide_1.4.0/plugins/com.st.stm32cube.ide.mcu.externaltools.gnu-tools-for-stm32.7-2018-q2-update.linux64_1.4.0.202007081208/tools/bin/../lib/gcc/arm-none-eabi/7.3.1/../../../../arm-none-eabi/lib/thumb/v7e-m/fpv5/hard/libc_nano.a(lib_a-sbrkr.o)
 .debug_frame   0x00000000000003d4       0x88 /opt/st/stm32cubeide_1.4.0/plugins/com.st.stm32cube.ide.mcu.externaltools.gnu-tools-for-stm32.7-2018-q2-update.linux64_1.4.0.202007081208/tools/bin/../lib/gcc/arm-none-eabi/7.3.1/../../../../arm-none-eabi/lib/thumb/v7e-m/fpv5/hard/libc_nano.a(lib_a-stdio.o)
 .debug_frame   0x000000000000045c       0x2c /opt/st/stm32cubeide_1.4.0/plugins/com.st.stm32cube.ide.mcu.externaltools.gnu-tools-for-stm32.7-2018-q2-update.linux64_1.4.0.202007081208/tools/bin/../lib/gcc/arm-none-eabi/7.3.1/../../../../arm-none-eabi/lib/thumb/v7e-m/fpv5/hard/libc_nano.a(lib_a-writer.o)
 .debug_frame   0x0000000000000488       0x2c /opt/st/stm32cubeide_1.4.0/plugins/com.st.stm32cube.ide.mcu.externaltools.gnu-tools-for-stm32.7-2018-q2-update.linux64_1.4.0.202007081208/tools/bin/../lib/gcc/arm-none-eabi/7.3.1/../../../../arm-none-eabi/lib/thumb/v7e-m/fpv5/hard/libc_nano.a(lib_a-closer.o)
 .debug_frame   0x00000000000004b4       0x2c /opt/st/stm32cubeide_1.4.0/plugins/com.st.stm32cube.ide.mcu.externaltools.gnu-tools-for-stm32.7-2018-q2-update.linux64_1.4.0.202007081208/tools/bin/../lib/gcc/arm-none-eabi/7.3.1/../../../../arm-none-eabi/lib/thumb/v7e-m/fpv5/hard/libc_nano.a(lib_a-fstatr.o)
 .debug_frame   0x00000000000004e0       0x2c /opt/st/stm32cubeide_1.4.0/plugins/com.st.stm32cube.ide.mcu.externaltools.gnu-tools-for-stm32.7-2018-q2-update.linux64_1.4.0.202007081208/tools/bin/../lib/gcc/arm-none-eabi/7.3.1/../../../../arm-none-eabi/lib/thumb/v7e-m/fpv5/hard/libc_nano.a(lib_a-isattyr.o)
 .debug_frame   0x000000000000050c       0x2c /opt/st/stm32cubeide_1.4.0/plugins/com.st.stm32cube.ide.mcu.externaltools.gnu-tools-for-stm32.7-2018-q2-update.linux64_1.4.0.202007081208/tools/bin/../lib/gcc/arm-none-eabi/7.3.1/../../../../arm-none-eabi/lib/thumb/v7e-m/fpv5/hard/libc_nano.a(lib_a-lseekr.o)
 .debug_frame   0x0000000000000538       0x30 /opt/st/stm32cubeide_1.4.0/plugins/com.st.stm32cube.ide.mcu.externaltools.gnu-tools-for-stm32.7-2018-q2-update.linux64_1.4.0.202007081208/tools/bin/../lib/gcc/arm-none-eabi/7.3.1/../../../../arm-none-eabi/lib/thumb/v7e-m/fpv5/hard/libc_nano.a(lib_a-mlock.o)
 .debug_frame   0x0000000000000568       0x2c /opt/st/stm32cubeide_1.4.0/plugins/com.st.stm32cube.ide.mcu.externaltools.gnu-tools-for-stm32.7-2018-q2-update.linux64_1.4.0.202007081208/tools/bin/../lib/gcc/arm-none-eabi/7.3.1/../../../../arm-none-eabi/lib/thumb/v7e-m/fpv5/hard/libc_nano.a(lib_a-readr.o)
 .debug_frame   0x0000000000000594       0x5c /opt/st/stm32cubeide_1.4.0/plugins/com.st.stm32cube.ide.mcu.externaltools.gnu-tools-for-stm32.7-2018-q2-update.linux64_1.4.0.202007081208/tools/bin/../lib/gcc/arm-none-eabi/7.3.1/../../../../arm-none-eabi/lib/thumb/v7e-m/fpv5/hard/libc_nano.a(lib_a-reent.o)
